
===========================================================================
report_checks -path_delay min (Hold)
============================================================================
======================= Typical Corner ===================================

Startpoint: b[0] (input port clocked by __VIRTUAL_CLK__)
Endpoint: y[0] (output port clocked by __VIRTUAL_CLK__)
Path Group: __VIRTUAL_CLK__
Path Type: min

Fanout     Cap    Slew   Delay    Time   Description
-----------------------------------------------------------------------------
                  0.00    0.00    0.00   clock __VIRTUAL_CLK__ (rise edge)
                          0.00    0.00   clock network delay (ideal)
                          2.00    2.00 ^ input external delay
                  0.02    0.01    2.01 ^ b[0] (in)
     1    0.00                           b[0] (net)
                  0.02    0.00    2.01 ^ input9/A (sky130_fd_sc_hd__clkbuf_2)
                  0.09    0.12    2.13 ^ input9/X (sky130_fd_sc_hd__clkbuf_2)
     7    0.02                           net9 (net)
                  0.09    0.00    2.13 ^ _099_/A2 (sky130_fd_sc_hd__a311o_1)
                  0.04    0.15    2.28 ^ _099_/X (sky130_fd_sc_hd__a311o_1)
     1    0.00                           net20 (net)
                  0.04    0.00    2.28 ^ output20/A (sky130_fd_sc_hd__clkbuf_4)
                  0.11    0.17    2.46 ^ output20/X (sky130_fd_sc_hd__clkbuf_4)
     1    0.03                           y[0] (net)
                  0.11    0.00    2.46 ^ y[0] (out)
                                  2.46   data arrival time

                  0.00    0.00    0.00   clock __VIRTUAL_CLK__ (rise edge)
                          0.00    0.00   clock network delay (ideal)
                          0.25    0.25   clock uncertainty
                          0.00    0.25   clock reconvergence pessimism
                         -2.00   -1.75   output external delay
                                 -1.75   data required time
-----------------------------------------------------------------------------
                                 -1.75   data required time
                                 -2.46   data arrival time
-----------------------------------------------------------------------------
                                  4.21   slack (MET)


Startpoint: sel[1] (input port clocked by __VIRTUAL_CLK__)
Endpoint: y[7] (output port clocked by __VIRTUAL_CLK__)
Path Group: __VIRTUAL_CLK__
Path Type: min

Fanout     Cap    Slew   Delay    Time   Description
-----------------------------------------------------------------------------
                  0.00    0.00    0.00   clock __VIRTUAL_CLK__ (rise edge)
                          0.00    0.00   clock network delay (ideal)
                          2.00    2.00 ^ input external delay
                  0.02    0.01    2.01 ^ sel[1] (in)
     1    0.00                           sel[1] (net)
                  0.02    0.00    2.01 ^ input18/A (sky130_fd_sc_hd__clkbuf_2)
                  0.11    0.13    2.14 ^ input18/X (sky130_fd_sc_hd__clkbuf_2)
     7    0.02                           net18 (net)
                  0.11    0.00    2.14 ^ _189_/B1 (sky130_fd_sc_hd__a311o_1)
                  0.05    0.11    2.26 ^ _189_/X (sky130_fd_sc_hd__a311o_1)
     1    0.00                           _022_ (net)
                  0.05    0.00    2.26 ^ _193_/A2 (sky130_fd_sc_hd__o21ai_1)
                  0.02    0.04    2.30 v _193_/Y (sky130_fd_sc_hd__o21ai_1)
     1    0.00                           net27 (net)
                  0.02    0.00    2.30 v output27/A (sky130_fd_sc_hd__buf_2)
                  0.09    0.16    2.46 v output27/X (sky130_fd_sc_hd__buf_2)
     1    0.03                           y[7] (net)
                  0.09    0.00    2.46 v y[7] (out)
                                  2.46   data arrival time

                  0.00    0.00    0.00   clock __VIRTUAL_CLK__ (rise edge)
                          0.00    0.00   clock network delay (ideal)
                          0.25    0.25   clock uncertainty
                          0.00    0.25   clock reconvergence pessimism
                         -2.00   -1.75   output external delay
                                 -1.75   data required time
-----------------------------------------------------------------------------
                                 -1.75   data required time
                                 -2.46   data arrival time
-----------------------------------------------------------------------------
                                  4.21   slack (MET)


Startpoint: a[1] (input port clocked by __VIRTUAL_CLK__)
Endpoint: y[1] (output port clocked by __VIRTUAL_CLK__)
Path Group: __VIRTUAL_CLK__
Path Type: min

Fanout     Cap    Slew   Delay    Time   Description
-----------------------------------------------------------------------------
                  0.00    0.00    0.00   clock __VIRTUAL_CLK__ (rise edge)
                          0.00    0.00   clock network delay (ideal)
                          2.00    2.00 ^ input external delay
                  0.02    0.01    2.01 ^ a[1] (in)
     1    0.00                           a[1] (net)
                  0.02    0.00    2.01 ^ input2/A (sky130_fd_sc_hd__clkbuf_2)
                  0.09    0.12    2.13 ^ input2/X (sky130_fd_sc_hd__clkbuf_2)
     6    0.01                           net2 (net)
                  0.09    0.00    2.13 ^ _115_/A1 (sky130_fd_sc_hd__a31o_1)
                  0.04    0.13    2.25 ^ _115_/X (sky130_fd_sc_hd__a31o_1)
     1    0.00                           _047_ (net)
                  0.04    0.00    2.25 ^ _116_/C1 (sky130_fd_sc_hd__a211o_1)
                  0.03    0.08    2.33 ^ _116_/X (sky130_fd_sc_hd__a211o_1)
     1    0.00                           net21 (net)
                  0.03    0.00    2.33 ^ output21/A (sky130_fd_sc_hd__clkbuf_4)
                  0.11    0.17    2.50 ^ output21/X (sky130_fd_sc_hd__clkbuf_4)
     1    0.03                           y[1] (net)
                  0.11    0.00    2.50 ^ y[1] (out)
                                  2.50   data arrival time

                  0.00    0.00    0.00   clock __VIRTUAL_CLK__ (rise edge)
                          0.00    0.00   clock network delay (ideal)
                          0.25    0.25   clock uncertainty
                          0.00    0.25   clock reconvergence pessimism
                         -2.00   -1.75   output external delay
                                 -1.75   data required time
-----------------------------------------------------------------------------
                                 -1.75   data required time
                                 -2.50   data arrival time
-----------------------------------------------------------------------------
                                  4.25   slack (MET)


Startpoint: b[3] (input port clocked by __VIRTUAL_CLK__)
Endpoint: y[3] (output port clocked by __VIRTUAL_CLK__)
Path Group: __VIRTUAL_CLK__
Path Type: min

Fanout     Cap    Slew   Delay    Time   Description
-----------------------------------------------------------------------------
                  0.00    0.00    0.00   clock __VIRTUAL_CLK__ (rise edge)
                          0.00    0.00   clock network delay (ideal)
                          2.00    2.00 ^ input external delay
                  0.02    0.01    2.01 ^ b[3] (in)
     1    0.00                           b[3] (net)
                  0.02    0.00    2.01 ^ input12/A (sky130_fd_sc_hd__clkbuf_2)
                  0.10    0.13    2.14 ^ input12/X (sky130_fd_sc_hd__clkbuf_2)
     6    0.02                           net12 (net)
                  0.10    0.00    2.14 ^ _139_/A2 (sky130_fd_sc_hd__o22a_1)
                  0.04    0.13    2.26 ^ _139_/X (sky130_fd_sc_hd__o22a_1)
     1    0.00                           _069_ (net)
                  0.04    0.00    2.26 ^ _140_/C1 (sky130_fd_sc_hd__a211o_1)
                  0.03    0.08    2.34 ^ _140_/X (sky130_fd_sc_hd__a211o_1)
     1    0.00                           net23 (net)
                  0.03    0.00    2.34 ^ output23/A (sky130_fd_sc_hd__clkbuf_4)
                  0.11    0.17    2.51 ^ output23/X (sky130_fd_sc_hd__clkbuf_4)
     1    0.03                           y[3] (net)
                  0.11    0.00    2.51 ^ y[3] (out)
                                  2.51   data arrival time

                  0.00    0.00    0.00   clock __VIRTUAL_CLK__ (rise edge)
                          0.00    0.00   clock network delay (ideal)
                          0.25    0.25   clock uncertainty
                          0.00    0.25   clock reconvergence pessimism
                         -2.00   -1.75   output external delay
                                 -1.75   data required time
-----------------------------------------------------------------------------
                                 -1.75   data required time
                                 -2.51   data arrival time
-----------------------------------------------------------------------------
                                  4.26   slack (MET)


Startpoint: a[6] (input port clocked by __VIRTUAL_CLK__)
Endpoint: y[6] (output port clocked by __VIRTUAL_CLK__)
Path Group: __VIRTUAL_CLK__
Path Type: min

Fanout     Cap    Slew   Delay    Time   Description
-----------------------------------------------------------------------------
                  0.00    0.00    0.00   clock __VIRTUAL_CLK__ (rise edge)
                          0.00    0.00   clock network delay (ideal)
                          2.00    2.00 ^ input external delay
                  0.02    0.01    2.01 ^ a[6] (in)
     1    0.00                           a[6] (net)
                  0.02    0.00    2.01 ^ input7/A (sky130_fd_sc_hd__clkbuf_2)
                  0.08    0.11    2.12 ^ input7/X (sky130_fd_sc_hd__clkbuf_2)
     6    0.01                           net7 (net)
                  0.08    0.00    2.12 ^ _181_/A1 (sky130_fd_sc_hd__a311o_1)
                  0.04    0.14    2.27 ^ _181_/X (sky130_fd_sc_hd__a311o_1)
     1    0.00                           _015_ (net)
                  0.04    0.00    2.27 ^ _182_/B1 (sky130_fd_sc_hd__a31o_1)
                  0.04    0.08    2.34 ^ _182_/X (sky130_fd_sc_hd__a31o_1)
     1    0.00                           net26 (net)
                  0.04    0.00    2.34 ^ output26/A (sky130_fd_sc_hd__clkbuf_4)
                  0.11    0.17    2.51 ^ output26/X (sky130_fd_sc_hd__clkbuf_4)
     1    0.03                           y[6] (net)
                  0.11    0.00    2.51 ^ y[6] (out)
                                  2.51   data arrival time

                  0.00    0.00    0.00   clock __VIRTUAL_CLK__ (rise edge)
                          0.00    0.00   clock network delay (ideal)
                          0.25    0.25   clock uncertainty
                          0.00    0.25   clock reconvergence pessimism
                         -2.00   -1.75   output external delay
                                 -1.75   data required time
-----------------------------------------------------------------------------
                                 -1.75   data required time
                                 -2.51   data arrival time
-----------------------------------------------------------------------------
                                  4.26   slack (MET)


Startpoint: a[5] (input port clocked by __VIRTUAL_CLK__)
Endpoint: y[5] (output port clocked by __VIRTUAL_CLK__)
Path Group: __VIRTUAL_CLK__
Path Type: min

Fanout     Cap    Slew   Delay    Time   Description
-----------------------------------------------------------------------------
                  0.00    0.00    0.00   clock __VIRTUAL_CLK__ (rise edge)
                          0.00    0.00   clock network delay (ideal)
                          2.00    2.00 ^ input external delay
                  0.02    0.01    2.01 ^ a[5] (in)
     1    0.00                           a[5] (net)
                  0.02    0.00    2.01 ^ input6/A (sky130_fd_sc_hd__clkbuf_2)
                  0.09    0.12    2.13 ^ input6/X (sky130_fd_sc_hd__clkbuf_2)
     5    0.01                           net6 (net)
                  0.09    0.00    2.13 ^ _167_/A1 (sky130_fd_sc_hd__a311o_1)
                  0.04    0.14    2.27 ^ _167_/X (sky130_fd_sc_hd__a311o_1)
     1    0.00                           _002_ (net)
                  0.04    0.00    2.27 ^ _168_/B1 (sky130_fd_sc_hd__a31o_1)
                  0.04    0.08    2.35 ^ _168_/X (sky130_fd_sc_hd__a31o_1)
     1    0.00                           net25 (net)
                  0.04    0.00    2.35 ^ output25/A (sky130_fd_sc_hd__clkbuf_4)
                  0.11    0.17    2.52 ^ output25/X (sky130_fd_sc_hd__clkbuf_4)
     1    0.03                           y[5] (net)
                  0.11    0.00    2.52 ^ y[5] (out)
                                  2.52   data arrival time

                  0.00    0.00    0.00   clock __VIRTUAL_CLK__ (rise edge)
                          0.00    0.00   clock network delay (ideal)
                          0.25    0.25   clock uncertainty
                          0.00    0.25   clock reconvergence pessimism
                         -2.00   -1.75   output external delay
                                 -1.75   data required time
-----------------------------------------------------------------------------
                                 -1.75   data required time
                                 -2.52   data arrival time
-----------------------------------------------------------------------------
                                  4.27   slack (MET)


Startpoint: sel[1] (input port clocked by __VIRTUAL_CLK__)
Endpoint: y[4] (output port clocked by __VIRTUAL_CLK__)
Path Group: __VIRTUAL_CLK__
Path Type: min

Fanout     Cap    Slew   Delay    Time   Description
-----------------------------------------------------------------------------
                  0.00    0.00    0.00   clock __VIRTUAL_CLK__ (rise edge)
                          0.00    0.00   clock network delay (ideal)
                          2.00    2.00 ^ input external delay
                  0.02    0.01    2.01 ^ sel[1] (in)
     1    0.00                           sel[1] (net)
                  0.02    0.00    2.01 ^ input18/A (sky130_fd_sc_hd__clkbuf_2)
                  0.11    0.13    2.14 ^ input18/X (sky130_fd_sc_hd__clkbuf_2)
     7    0.02                           net18 (net)
                  0.11    0.00    2.14 ^ _100_/B (sky130_fd_sc_hd__nor2_2)
                  0.05    0.06    2.20 v _100_/Y (sky130_fd_sc_hd__nor2_2)
     6    0.01                           _032_ (net)
                  0.05    0.00    2.20 v _152_/A1 (sky130_fd_sc_hd__a31o_1)
                  0.03    0.16    2.36 v _152_/X (sky130_fd_sc_hd__a31o_1)
     1    0.00                           net24 (net)
                  0.03    0.00    2.36 v output24/A (sky130_fd_sc_hd__clkbuf_4)
                  0.08    0.17    2.53 v output24/X (sky130_fd_sc_hd__clkbuf_4)
     1    0.03                           y[4] (net)
                  0.08    0.00    2.53 v y[4] (out)
                                  2.53   data arrival time

                  0.00    0.00    0.00   clock __VIRTUAL_CLK__ (rise edge)
                          0.00    0.00   clock network delay (ideal)
                          0.25    0.25   clock uncertainty
                          0.00    0.25   clock reconvergence pessimism
                         -2.00   -1.75   output external delay
                                 -1.75   data required time
-----------------------------------------------------------------------------
                                 -1.75   data required time
                                 -2.53   data arrival time
-----------------------------------------------------------------------------
                                  4.28   slack (MET)


Startpoint: a[2] (input port clocked by __VIRTUAL_CLK__)
Endpoint: y[2] (output port clocked by __VIRTUAL_CLK__)
Path Group: __VIRTUAL_CLK__
Path Type: min

Fanout     Cap    Slew   Delay    Time   Description
-----------------------------------------------------------------------------
                  0.00    0.00    0.00   clock __VIRTUAL_CLK__ (rise edge)
                          0.00    0.00   clock network delay (ideal)
                          2.00    2.00 ^ input external delay
                  0.02    0.01    2.01 ^ a[2] (in)
     1    0.00                           a[2] (net)
                  0.02    0.00    2.01 ^ input3/A (sky130_fd_sc_hd__buf_2)
                  0.10    0.13    2.14 ^ input3/X (sky130_fd_sc_hd__buf_2)
     7    0.02                           net3 (net)
                  0.10    0.00    2.14 ^ _127_/A1 (sky130_fd_sc_hd__a311o_1)
                  0.04    0.14    2.28 ^ _127_/X (sky130_fd_sc_hd__a311o_1)
     1    0.00                           _058_ (net)
                  0.04    0.00    2.28 ^ _128_/B1_N (sky130_fd_sc_hd__o21bai_1)
                  0.05    0.08    2.36 ^ _128_/Y (sky130_fd_sc_hd__o21bai_1)
     1    0.00                           net22 (net)
                  0.05    0.00    2.36 ^ output22/A (sky130_fd_sc_hd__clkbuf_4)
                  0.11    0.18    2.54 ^ output22/X (sky130_fd_sc_hd__clkbuf_4)
     1    0.03                           y[2] (net)
                  0.11    0.00    2.54 ^ y[2] (out)
                                  2.54   data arrival time

                  0.00    0.00    0.00   clock __VIRTUAL_CLK__ (rise edge)
                          0.00    0.00   clock network delay (ideal)
                          0.25    0.25   clock uncertainty
                          0.00    0.25   clock reconvergence pessimism
                         -2.00   -1.75   output external delay
                                 -1.75   data required time
-----------------------------------------------------------------------------
                                 -1.75   data required time
                                 -2.54   data arrival time
-----------------------------------------------------------------------------
                                  4.29   slack (MET)



