
===========================================================================
report_checks -path_delay max (Setup)
============================================================================
======================= Fastest Corner ===================================

Startpoint: sel[2] (input port clocked by __VIRTUAL_CLK__)
Endpoint: y[7] (output port clocked by __VIRTUAL_CLK__)
Path Group: __VIRTUAL_CLK__
Path Type: max
Corner: Fastest

Fanout     Cap    Slew   Delay    Time   Description
-----------------------------------------------------------------------------
                  0.00    0.00    0.00   clock __VIRTUAL_CLK__ (rise edge)
                          0.00    0.00   clock network delay (ideal)
                          2.00    2.00 v input external delay
                  0.01    0.00    2.00 v sel[2] (in)
     1    0.00                           sel[2] (net)
                  0.01    0.00    2.00 v input19/A (sky130_fd_sc_hd__clkbuf_4)
                  0.06    0.12    2.12 v input19/X (sky130_fd_sc_hd__clkbuf_4)
     7    0.04                           net19 (net)
                  0.06    0.00    2.13 v _101_/A (sky130_fd_sc_hd__or3b_1)
                  0.04    0.23    2.35 v _101_/X (sky130_fd_sc_hd__or3b_1)
     1    0.00                           _033_ (net)
                  0.04    0.00    2.35 v _102_/A (sky130_fd_sc_hd__buf_2)
                  0.05    0.12    2.47 v _102_/X (sky130_fd_sc_hd__buf_2)
     8    0.03                           _034_ (net)
                  0.05    0.00    2.47 v _129_/B1 (sky130_fd_sc_hd__o21a_1)
                  0.04    0.09    2.55 v _129_/X (sky130_fd_sc_hd__o21a_1)
     2    0.01                           _059_ (net)
                  0.04    0.00    2.55 v _142_/B1 (sky130_fd_sc_hd__a21o_1)
                  0.04    0.09    2.65 v _142_/X (sky130_fd_sc_hd__a21o_1)
     1    0.01                           _071_ (net)
                  0.04    0.00    2.65 v _143_/B (sky130_fd_sc_hd__xor2_2)
                  0.05    0.11    2.76 v _143_/X (sky130_fd_sc_hd__xor2_2)
     2    0.01                           _072_ (net)
                  0.05    0.00    2.76 v _154_/B (sky130_fd_sc_hd__or2_1)
                  0.05    0.16    2.92 v _154_/X (sky130_fd_sc_hd__or2_1)
     3    0.01                           _082_ (net)
                  0.05    0.00    2.92 v _169_/A (sky130_fd_sc_hd__and2_1)
                  0.03    0.11    3.02 v _169_/X (sky130_fd_sc_hd__and2_1)
     2    0.01                           _003_ (net)
                  0.03    0.00    3.02 v _175_/A2 (sky130_fd_sc_hd__a211o_1)
                  0.06    0.22    3.25 v _175_/X (sky130_fd_sc_hd__a211o_1)
     3    0.01                           _009_ (net)
                  0.06    0.00    3.25 v _189_/A2 (sky130_fd_sc_hd__a311o_1)
                  0.04    0.21    3.45 v _189_/X (sky130_fd_sc_hd__a311o_1)
     1    0.00                           _022_ (net)
                  0.04    0.00    3.45 v _193_/A2 (sky130_fd_sc_hd__o21ai_1)
                  0.07    0.08    3.54 ^ _193_/Y (sky130_fd_sc_hd__o21ai_1)
     1    0.00                           net27 (net)
                  0.07    0.00    3.54 ^ output27/A (sky130_fd_sc_hd__buf_2)
                  0.13    0.16    3.69 ^ output27/X (sky130_fd_sc_hd__buf_2)
     1    0.03                           y[7] (net)
                  0.13    0.00    3.69 ^ y[7] (out)
                                  3.69   data arrival time

                  0.00   10.00   10.00   clock __VIRTUAL_CLK__ (rise edge)
                          0.00   10.00   clock network delay (ideal)
                         -0.25    9.75   clock uncertainty
                          0.00    9.75   clock reconvergence pessimism
                         -2.00    7.75   output external delay
                                  7.75   data required time
-----------------------------------------------------------------------------
                                  7.75   data required time
                                 -3.69   data arrival time
-----------------------------------------------------------------------------
                                  4.06   slack (MET)


Startpoint: sel[2] (input port clocked by __VIRTUAL_CLK__)
Endpoint: y[6] (output port clocked by __VIRTUAL_CLK__)
Path Group: __VIRTUAL_CLK__
Path Type: max
Corner: Fastest

Fanout     Cap    Slew   Delay    Time   Description
-----------------------------------------------------------------------------
                  0.00    0.00    0.00   clock __VIRTUAL_CLK__ (rise edge)
                          0.00    0.00   clock network delay (ideal)
                          2.00    2.00 v input external delay
                  0.01    0.00    2.00 v sel[2] (in)
     1    0.00                           sel[2] (net)
                  0.01    0.00    2.00 v input19/A (sky130_fd_sc_hd__clkbuf_4)
                  0.06    0.12    2.12 v input19/X (sky130_fd_sc_hd__clkbuf_4)
     7    0.04                           net19 (net)
                  0.06    0.00    2.13 v _101_/A (sky130_fd_sc_hd__or3b_1)
                  0.04    0.23    2.35 v _101_/X (sky130_fd_sc_hd__or3b_1)
     1    0.00                           _033_ (net)
                  0.04    0.00    2.35 v _102_/A (sky130_fd_sc_hd__buf_2)
                  0.05    0.12    2.47 v _102_/X (sky130_fd_sc_hd__buf_2)
     8    0.03                           _034_ (net)
                  0.05    0.00    2.47 v _129_/B1 (sky130_fd_sc_hd__o21a_1)
                  0.04    0.09    2.55 v _129_/X (sky130_fd_sc_hd__o21a_1)
     2    0.01                           _059_ (net)
                  0.04    0.00    2.55 v _142_/B1 (sky130_fd_sc_hd__a21o_1)
                  0.04    0.09    2.65 v _142_/X (sky130_fd_sc_hd__a21o_1)
     1    0.01                           _071_ (net)
                  0.04    0.00    2.65 v _143_/B (sky130_fd_sc_hd__xor2_2)
                  0.05    0.11    2.76 v _143_/X (sky130_fd_sc_hd__xor2_2)
     2    0.01                           _072_ (net)
                  0.05    0.00    2.76 v _154_/B (sky130_fd_sc_hd__or2_1)
                  0.05    0.16    2.92 v _154_/X (sky130_fd_sc_hd__or2_1)
     3    0.01                           _082_ (net)
                  0.05    0.00    2.92 v _169_/A (sky130_fd_sc_hd__and2_1)
                  0.03    0.11    3.02 v _169_/X (sky130_fd_sc_hd__and2_1)
     2    0.01                           _003_ (net)
                  0.03    0.00    3.02 v _175_/A2 (sky130_fd_sc_hd__a211o_1)
                  0.06    0.22    3.25 v _175_/X (sky130_fd_sc_hd__a211o_1)
     3    0.01                           _009_ (net)
                  0.06    0.00    3.25 v _182_/A2 (sky130_fd_sc_hd__a31o_1)
                  0.04    0.16    3.40 v _182_/X (sky130_fd_sc_hd__a31o_1)
     1    0.01                           net26 (net)
                  0.04    0.00    3.40 v output26/A (sky130_fd_sc_hd__clkbuf_4)
                  0.06    0.13    3.54 v output26/X (sky130_fd_sc_hd__clkbuf_4)
     1    0.03                           y[6] (net)
                  0.06    0.00    3.54 v y[6] (out)
                                  3.54   data arrival time

                  0.00   10.00   10.00   clock __VIRTUAL_CLK__ (rise edge)
                          0.00   10.00   clock network delay (ideal)
                         -0.25    9.75   clock uncertainty
                          0.00    9.75   clock reconvergence pessimism
                         -2.00    7.75   output external delay
                                  7.75   data required time
-----------------------------------------------------------------------------
                                  7.75   data required time
                                 -3.54   data arrival time
-----------------------------------------------------------------------------
                                  4.21   slack (MET)


Startpoint: sel[2] (input port clocked by __VIRTUAL_CLK__)
Endpoint: y[4] (output port clocked by __VIRTUAL_CLK__)
Path Group: __VIRTUAL_CLK__
Path Type: max
Corner: Fastest

Fanout     Cap    Slew   Delay    Time   Description
-----------------------------------------------------------------------------
                  0.00    0.00    0.00   clock __VIRTUAL_CLK__ (rise edge)
                          0.00    0.00   clock network delay (ideal)
                          2.00    2.00 v input external delay
                  0.01    0.00    2.00 v sel[2] (in)
     1    0.00                           sel[2] (net)
                  0.01    0.00    2.00 v input19/A (sky130_fd_sc_hd__clkbuf_4)
                  0.06    0.12    2.12 v input19/X (sky130_fd_sc_hd__clkbuf_4)
     7    0.04                           net19 (net)
                  0.06    0.00    2.13 v _101_/A (sky130_fd_sc_hd__or3b_1)
                  0.04    0.23    2.35 v _101_/X (sky130_fd_sc_hd__or3b_1)
     1    0.00                           _033_ (net)
                  0.04    0.00    2.35 v _102_/A (sky130_fd_sc_hd__buf_2)
                  0.05    0.12    2.47 v _102_/X (sky130_fd_sc_hd__buf_2)
     8    0.03                           _034_ (net)
                  0.05    0.00    2.47 v _103_/A2 (sky130_fd_sc_hd__a21bo_1)
                  0.03    0.14    2.60 v _103_/X (sky130_fd_sc_hd__a21bo_1)
     2    0.00                           _035_ (net)
                  0.03    0.00    2.60 v _106_/A1 (sky130_fd_sc_hd__a21o_1)
                  0.03    0.10    2.71 v _106_/X (sky130_fd_sc_hd__a21o_1)
     2    0.00                           _038_ (net)
                  0.03    0.00    2.71 v _117_/A1 (sky130_fd_sc_hd__a21oi_1)
                  0.16    0.14    2.85 ^ _117_/Y (sky130_fd_sc_hd__a21oi_1)
     2    0.01                           _048_ (net)
                  0.16    0.00    2.85 ^ _122_/A (sky130_fd_sc_hd__nor2_2)
                  0.07    0.07    2.92 v _122_/Y (sky130_fd_sc_hd__nor2_2)
     4    0.02                           _053_ (net)
                  0.07    0.00    2.92 v _146_/A1 (sky130_fd_sc_hd__o21a_1)
                  0.02    0.13    3.06 v _146_/X (sky130_fd_sc_hd__o21a_1)
     1    0.00                           _075_ (net)
                  0.02    0.00    3.06 v _147_/B (sky130_fd_sc_hd__or2_1)
                  0.03    0.12    3.18 v _147_/X (sky130_fd_sc_hd__or2_1)
     1    0.00                           _076_ (net)
                  0.03    0.00    3.18 v _152_/A3 (sky130_fd_sc_hd__a31o_1)
                  0.04    0.16    3.33 v _152_/X (sky130_fd_sc_hd__a31o_1)
     1    0.01                           net24 (net)
                  0.04    0.00    3.33 v output24/A (sky130_fd_sc_hd__clkbuf_4)
                  0.06    0.13    3.46 v output24/X (sky130_fd_sc_hd__clkbuf_4)
     1    0.03                           y[4] (net)
                  0.06    0.00    3.46 v y[4] (out)
                                  3.46   data arrival time

                  0.00   10.00   10.00   clock __VIRTUAL_CLK__ (rise edge)
                          0.00   10.00   clock network delay (ideal)
                         -0.25    9.75   clock uncertainty
                          0.00    9.75   clock reconvergence pessimism
                         -2.00    7.75   output external delay
                                  7.75   data required time
-----------------------------------------------------------------------------
                                  7.75   data required time
                                 -3.46   data arrival time
-----------------------------------------------------------------------------
                                  4.29   slack (MET)


Startpoint: sel[2] (input port clocked by __VIRTUAL_CLK__)
Endpoint: y[5] (output port clocked by __VIRTUAL_CLK__)
Path Group: __VIRTUAL_CLK__
Path Type: max
Corner: Fastest

Fanout     Cap    Slew   Delay    Time   Description
-----------------------------------------------------------------------------
                  0.00    0.00    0.00   clock __VIRTUAL_CLK__ (rise edge)
                          0.00    0.00   clock network delay (ideal)
                          2.00    2.00 v input external delay
                  0.01    0.00    2.00 v sel[2] (in)
     1    0.00                           sel[2] (net)
                  0.01    0.00    2.00 v input19/A (sky130_fd_sc_hd__clkbuf_4)
                  0.06    0.12    2.12 v input19/X (sky130_fd_sc_hd__clkbuf_4)
     7    0.04                           net19 (net)
                  0.06    0.00    2.13 v _101_/A (sky130_fd_sc_hd__or3b_1)
                  0.04    0.23    2.35 v _101_/X (sky130_fd_sc_hd__or3b_1)
     1    0.00                           _033_ (net)
                  0.04    0.00    2.35 v _102_/A (sky130_fd_sc_hd__buf_2)
                  0.05    0.12    2.47 v _102_/X (sky130_fd_sc_hd__buf_2)
     8    0.03                           _034_ (net)
                  0.05    0.00    2.47 v _103_/A2 (sky130_fd_sc_hd__a21bo_1)
                  0.03    0.14    2.60 v _103_/X (sky130_fd_sc_hd__a21bo_1)
     2    0.00                           _035_ (net)
                  0.03    0.00    2.60 v _106_/A1 (sky130_fd_sc_hd__a21o_1)
                  0.03    0.10    2.71 v _106_/X (sky130_fd_sc_hd__a21o_1)
     2    0.00                           _038_ (net)
                  0.03    0.00    2.71 v _117_/A1 (sky130_fd_sc_hd__a21oi_1)
                  0.16    0.14    2.85 ^ _117_/Y (sky130_fd_sc_hd__a21oi_1)
     2    0.01                           _048_ (net)
                  0.16    0.00    2.85 ^ _122_/A (sky130_fd_sc_hd__nor2_2)
                  0.07    0.07    2.92 v _122_/Y (sky130_fd_sc_hd__nor2_2)
     4    0.02                           _053_ (net)
                  0.07    0.00    2.92 v _145_/A1 (sky130_fd_sc_hd__o211ai_4)
                  0.16    0.18    3.10 ^ _145_/Y (sky130_fd_sc_hd__o211ai_4)
     5    0.02                           _074_ (net)
                  0.16    0.00    3.10 ^ _163_/B (sky130_fd_sc_hd__nand3_1)
                  0.05    0.05    3.15 v _163_/Y (sky130_fd_sc_hd__nand3_1)
     1    0.00                           _091_ (net)
                  0.05    0.00    3.15 v _168_/A3 (sky130_fd_sc_hd__a31o_1)
                  0.03    0.15    3.31 v _168_/X (sky130_fd_sc_hd__a31o_1)
     1    0.00                           net25 (net)
                  0.03    0.00    3.31 v output25/A (sky130_fd_sc_hd__clkbuf_4)
                  0.06    0.13    3.44 v output25/X (sky130_fd_sc_hd__clkbuf_4)
     1    0.03                           y[5] (net)
                  0.06    0.00    3.44 v y[5] (out)
                                  3.44   data arrival time

                  0.00   10.00   10.00   clock __VIRTUAL_CLK__ (rise edge)
                          0.00   10.00   clock network delay (ideal)
                         -0.25    9.75   clock uncertainty
                          0.00    9.75   clock reconvergence pessimism
                         -2.00    7.75   output external delay
                                  7.75   data required time
-----------------------------------------------------------------------------
                                  7.75   data required time
                                 -3.44   data arrival time
-----------------------------------------------------------------------------
                                  4.31   slack (MET)


Startpoint: sel[2] (input port clocked by __VIRTUAL_CLK__)
Endpoint: y[3] (output port clocked by __VIRTUAL_CLK__)
Path Group: __VIRTUAL_CLK__
Path Type: max
Corner: Fastest

Fanout     Cap    Slew   Delay    Time   Description
-----------------------------------------------------------------------------
                  0.00    0.00    0.00   clock __VIRTUAL_CLK__ (rise edge)
                          0.00    0.00   clock network delay (ideal)
                          2.00    2.00 v input external delay
                  0.01    0.00    2.00 v sel[2] (in)
     1    0.00                           sel[2] (net)
                  0.01    0.00    2.00 v input19/A (sky130_fd_sc_hd__clkbuf_4)
                  0.06    0.12    2.12 v input19/X (sky130_fd_sc_hd__clkbuf_4)
     7    0.04                           net19 (net)
                  0.06    0.00    2.13 v _101_/A (sky130_fd_sc_hd__or3b_1)
                  0.04    0.23    2.35 v _101_/X (sky130_fd_sc_hd__or3b_1)
     1    0.00                           _033_ (net)
                  0.04    0.00    2.35 v _102_/A (sky130_fd_sc_hd__buf_2)
                  0.05    0.12    2.47 v _102_/X (sky130_fd_sc_hd__buf_2)
     8    0.03                           _034_ (net)
                  0.05    0.00    2.47 v _103_/A2 (sky130_fd_sc_hd__a21bo_1)
                  0.03    0.14    2.60 v _103_/X (sky130_fd_sc_hd__a21bo_1)
     2    0.00                           _035_ (net)
                  0.03    0.00    2.60 v _106_/A1 (sky130_fd_sc_hd__a21o_1)
                  0.03    0.10    2.71 v _106_/X (sky130_fd_sc_hd__a21o_1)
     2    0.00                           _038_ (net)
                  0.03    0.00    2.71 v _117_/A1 (sky130_fd_sc_hd__a21oi_1)
                  0.16    0.14    2.85 ^ _117_/Y (sky130_fd_sc_hd__a21oi_1)
     2    0.01                           _048_ (net)
                  0.16    0.00    2.85 ^ _122_/A (sky130_fd_sc_hd__nor2_2)
                  0.07    0.07    2.92 v _122_/Y (sky130_fd_sc_hd__nor2_2)
     4    0.02                           _053_ (net)
                  0.07    0.00    2.92 v _134_/B1 (sky130_fd_sc_hd__a21o_1)
                  0.03    0.09    3.02 v _134_/X (sky130_fd_sc_hd__a21o_1)
     1    0.01                           _064_ (net)
                  0.03    0.00    3.02 v _135_/B (sky130_fd_sc_hd__xnor2_1)
                  0.03    0.08    3.09 v _135_/Y (sky130_fd_sc_hd__xnor2_1)
     1    0.00                           _065_ (net)
                  0.03    0.00    3.09 v _140_/A2 (sky130_fd_sc_hd__a211o_1)
                  0.04    0.19    3.29 v _140_/X (sky130_fd_sc_hd__a211o_1)
     1    0.00                           net23 (net)
                  0.04    0.00    3.29 v output23/A (sky130_fd_sc_hd__clkbuf_4)
                  0.06    0.13    3.42 v output23/X (sky130_fd_sc_hd__clkbuf_4)
     1    0.03                           y[3] (net)
                  0.06    0.00    3.42 v y[3] (out)
                                  3.42   data arrival time

                  0.00   10.00   10.00   clock __VIRTUAL_CLK__ (rise edge)
                          0.00   10.00   clock network delay (ideal)
                         -0.25    9.75   clock uncertainty
                          0.00    9.75   clock reconvergence pessimism
                         -2.00    7.75   output external delay
                                  7.75   data required time
-----------------------------------------------------------------------------
                                  7.75   data required time
                                 -3.42   data arrival time
-----------------------------------------------------------------------------
                                  4.33   slack (MET)


Startpoint: sel[2] (input port clocked by __VIRTUAL_CLK__)
Endpoint: y[1] (output port clocked by __VIRTUAL_CLK__)
Path Group: __VIRTUAL_CLK__
Path Type: max
Corner: Fastest

Fanout     Cap    Slew   Delay    Time   Description
-----------------------------------------------------------------------------
                  0.00    0.00    0.00   clock __VIRTUAL_CLK__ (rise edge)
                          0.00    0.00   clock network delay (ideal)
                          2.00    2.00 v input external delay
                  0.01    0.00    2.00 v sel[2] (in)
     1    0.00                           sel[2] (net)
                  0.01    0.00    2.00 v input19/A (sky130_fd_sc_hd__clkbuf_4)
                  0.06    0.12    2.12 v input19/X (sky130_fd_sc_hd__clkbuf_4)
     7    0.04                           net19 (net)
                  0.06    0.00    2.13 v _101_/A (sky130_fd_sc_hd__or3b_1)
                  0.04    0.23    2.35 v _101_/X (sky130_fd_sc_hd__or3b_1)
     1    0.00                           _033_ (net)
                  0.04    0.00    2.35 v _102_/A (sky130_fd_sc_hd__buf_2)
                  0.05    0.12    2.47 v _102_/X (sky130_fd_sc_hd__buf_2)
     8    0.03                           _034_ (net)
                  0.05    0.00    2.47 v _103_/A2 (sky130_fd_sc_hd__a21bo_1)
                  0.03    0.14    2.60 v _103_/X (sky130_fd_sc_hd__a21bo_1)
     2    0.00                           _035_ (net)
                  0.03    0.00    2.60 v _105_/B (sky130_fd_sc_hd__and3_1)
                  0.03    0.11    2.72 v _105_/X (sky130_fd_sc_hd__and3_1)
     2    0.00                           _037_ (net)
                  0.03    0.00    2.72 v _107_/A (sky130_fd_sc_hd__or2b_1)
                  0.04    0.14    2.86 v _107_/X (sky130_fd_sc_hd__or2b_1)
     1    0.00                           _039_ (net)
                  0.04    0.00    2.86 v _109_/A (sky130_fd_sc_hd__xnor2_1)
                  0.03    0.08    2.94 v _109_/Y (sky130_fd_sc_hd__xnor2_1)
     1    0.00                           _041_ (net)
                  0.03    0.00    2.94 v _116_/A2 (sky130_fd_sc_hd__a211o_1)
                  0.03    0.18    3.13 v _116_/X (sky130_fd_sc_hd__a211o_1)
     1    0.00                           net21 (net)
                  0.03    0.00    3.13 v output21/A (sky130_fd_sc_hd__clkbuf_4)
                  0.06    0.13    3.26 v output21/X (sky130_fd_sc_hd__clkbuf_4)
     1    0.03                           y[1] (net)
                  0.06    0.00    3.26 v y[1] (out)
                                  3.26   data arrival time

                  0.00   10.00   10.00   clock __VIRTUAL_CLK__ (rise edge)
                          0.00   10.00   clock network delay (ideal)
                         -0.25    9.75   clock uncertainty
                          0.00    9.75   clock reconvergence pessimism
                         -2.00    7.75   output external delay
                                  7.75   data required time
-----------------------------------------------------------------------------
                                  7.75   data required time
                                 -3.26   data arrival time
-----------------------------------------------------------------------------
                                  4.49   slack (MET)


Startpoint: sel[2] (input port clocked by __VIRTUAL_CLK__)
Endpoint: y[2] (output port clocked by __VIRTUAL_CLK__)
Path Group: __VIRTUAL_CLK__
Path Type: max
Corner: Fastest

Fanout     Cap    Slew   Delay    Time   Description
-----------------------------------------------------------------------------
                  0.00    0.00    0.00   clock __VIRTUAL_CLK__ (rise edge)
                          0.00    0.00   clock network delay (ideal)
                          2.00    2.00 v input external delay
                  0.01    0.00    2.00 v sel[2] (in)
     1    0.00                           sel[2] (net)
                  0.01    0.00    2.00 v input19/A (sky130_fd_sc_hd__clkbuf_4)
                  0.06    0.12    2.12 v input19/X (sky130_fd_sc_hd__clkbuf_4)
     7    0.04                           net19 (net)
                  0.06    0.00    2.13 v _101_/A (sky130_fd_sc_hd__or3b_1)
                  0.04    0.23    2.35 v _101_/X (sky130_fd_sc_hd__or3b_1)
     1    0.00                           _033_ (net)
                  0.04    0.00    2.35 v _102_/A (sky130_fd_sc_hd__buf_2)
                  0.05    0.12    2.47 v _102_/X (sky130_fd_sc_hd__buf_2)
     8    0.03                           _034_ (net)
                  0.05    0.00    2.47 v _103_/A2 (sky130_fd_sc_hd__a21bo_1)
                  0.03    0.14    2.60 v _103_/X (sky130_fd_sc_hd__a21bo_1)
     2    0.00                           _035_ (net)
                  0.03    0.00    2.60 v _106_/A1 (sky130_fd_sc_hd__a21o_1)
                  0.03    0.10    2.71 v _106_/X (sky130_fd_sc_hd__a21o_1)
     2    0.00                           _038_ (net)
                  0.03    0.00    2.71 v _117_/A1 (sky130_fd_sc_hd__a21oi_1)
                  0.16    0.14    2.85 ^ _117_/Y (sky130_fd_sc_hd__a21oi_1)
     2    0.01                           _048_ (net)
                  0.16    0.00    2.85 ^ _122_/A (sky130_fd_sc_hd__nor2_2)
                  0.07    0.07    2.92 v _122_/Y (sky130_fd_sc_hd__nor2_2)
     4    0.02                           _053_ (net)
                  0.07    0.00    2.92 v _128_/A1 (sky130_fd_sc_hd__o21bai_1)
                  0.08    0.10    3.03 ^ _128_/Y (sky130_fd_sc_hd__o21bai_1)
     1    0.00                           net22 (net)
                  0.08    0.00    3.03 ^ output22/A (sky130_fd_sc_hd__clkbuf_4)
                  0.09    0.15    3.17 ^ output22/X (sky130_fd_sc_hd__clkbuf_4)
     1    0.04                           y[2] (net)
                  0.09    0.00    3.17 ^ y[2] (out)
                                  3.17   data arrival time

                  0.00   10.00   10.00   clock __VIRTUAL_CLK__ (rise edge)
                          0.00   10.00   clock network delay (ideal)
                         -0.25    9.75   clock uncertainty
                          0.00    9.75   clock reconvergence pessimism
                         -2.00    7.75   output external delay
                                  7.75   data required time
-----------------------------------------------------------------------------
                                  7.75   data required time
                                 -3.17   data arrival time
-----------------------------------------------------------------------------
                                  4.58   slack (MET)


Startpoint: sel[1] (input port clocked by __VIRTUAL_CLK__)
Endpoint: y[0] (output port clocked by __VIRTUAL_CLK__)
Path Group: __VIRTUAL_CLK__
Path Type: max
Corner: Fastest

Fanout     Cap    Slew   Delay    Time   Description
-----------------------------------------------------------------------------
                  0.00    0.00    0.00   clock __VIRTUAL_CLK__ (rise edge)
                          0.00    0.00   clock network delay (ideal)
                          2.00    2.00 ^ input external delay
                  0.02    0.01    2.01 ^ sel[1] (in)
     1    0.00                           sel[1] (net)
                  0.02    0.00    2.01 ^ input18/A (sky130_fd_sc_hd__clkbuf_2)
                  0.10    0.12    2.13 ^ input18/X (sky130_fd_sc_hd__clkbuf_2)
     7    0.02                           net18 (net)
                  0.10    0.00    2.13 ^ _093_/B_N (sky130_fd_sc_hd__nor2b_4)
                  0.18    0.21    2.33 ^ _093_/Y (sky130_fd_sc_hd__nor2b_4)
     9    0.04                           _026_ (net)
                  0.18    0.00    2.33 ^ _094_/B (sky130_fd_sc_hd__and2_2)
                  0.14    0.20    2.54 ^ _094_/X (sky130_fd_sc_hd__and2_2)
     8    0.04                           _027_ (net)
                  0.14    0.00    2.54 ^ _096_/B1 (sky130_fd_sc_hd__o22a_1)
                  0.04    0.09    2.63 ^ _096_/X (sky130_fd_sc_hd__o22a_1)
     1    0.00                           _029_ (net)
                  0.04    0.00    2.63 ^ _099_/B1 (sky130_fd_sc_hd__a311o_1)
                  0.04    0.07    2.69 ^ _099_/X (sky130_fd_sc_hd__a311o_1)
     1    0.00                           net20 (net)
                  0.04    0.00    2.69 ^ output20/A (sky130_fd_sc_hd__clkbuf_4)
                  0.08    0.13    2.83 ^ output20/X (sky130_fd_sc_hd__clkbuf_4)
     1    0.03                           y[0] (net)
                  0.08    0.00    2.83 ^ y[0] (out)
                                  2.83   data arrival time

                  0.00   10.00   10.00   clock __VIRTUAL_CLK__ (rise edge)
                          0.00   10.00   clock network delay (ideal)
                         -0.25    9.75   clock uncertainty
                          0.00    9.75   clock reconvergence pessimism
                         -2.00    7.75   output external delay
                                  7.75   data required time
-----------------------------------------------------------------------------
                                  7.75   data required time
                                 -2.83   data arrival time
-----------------------------------------------------------------------------
                                  4.92   slack (MET)



======================= Slowest Corner ===================================

Startpoint: sel[2] (input port clocked by __VIRTUAL_CLK__)
Endpoint: y[7] (output port clocked by __VIRTUAL_CLK__)
Path Group: __VIRTUAL_CLK__
Path Type: max
Corner: Slowest

Fanout     Cap    Slew   Delay    Time   Description
-----------------------------------------------------------------------------
                  0.00    0.00    0.00   clock __VIRTUAL_CLK__ (rise edge)
                          0.00    0.00   clock network delay (ideal)
                          2.00    2.00 v input external delay
                  0.02    0.01    2.01 v sel[2] (in)
     1    0.00                           sel[2] (net)
                  0.02    0.00    2.01 v input19/A (sky130_fd_sc_hd__clkbuf_4)
                  0.15    0.32    2.33 v input19/X (sky130_fd_sc_hd__clkbuf_4)
     7    0.04                           net19 (net)
                  0.15    0.00    2.34 v _101_/A (sky130_fd_sc_hd__or3b_1)
                  0.13    0.91    3.24 v _101_/X (sky130_fd_sc_hd__or3b_1)
     1    0.00                           _033_ (net)
                  0.13    0.00    3.24 v _102_/A (sky130_fd_sc_hd__buf_2)
                  0.13    0.36    3.61 v _102_/X (sky130_fd_sc_hd__buf_2)
     8    0.03                           _034_ (net)
                  0.13    0.00    3.61 v _129_/B1 (sky130_fd_sc_hd__o21a_1)
                  0.11    0.27    3.88 v _129_/X (sky130_fd_sc_hd__o21a_1)
     2    0.01                           _059_ (net)
                  0.11    0.00    3.88 v _142_/B1 (sky130_fd_sc_hd__a21o_1)
                  0.11    0.36    4.24 v _142_/X (sky130_fd_sc_hd__a21o_1)
     1    0.01                           _071_ (net)
                  0.11    0.00    4.24 v _143_/B (sky130_fd_sc_hd__xor2_2)
                  0.14    0.33    4.57 v _143_/X (sky130_fd_sc_hd__xor2_2)
     2    0.01                           _072_ (net)
                  0.14    0.00    4.57 v _154_/B (sky130_fd_sc_hd__or2_1)
                  0.16    0.58    5.16 v _154_/X (sky130_fd_sc_hd__or2_1)
     3    0.01                           _082_ (net)
                  0.16    0.00    5.16 v _169_/A (sky130_fd_sc_hd__and2_1)
                  0.09    0.36    5.52 v _169_/X (sky130_fd_sc_hd__and2_1)
     2    0.01                           _003_ (net)
                  0.09    0.00    5.52 v _175_/A2 (sky130_fd_sc_hd__a211o_1)
                  0.16    0.66    6.18 v _175_/X (sky130_fd_sc_hd__a211o_1)
     3    0.01                           _009_ (net)
                  0.16    0.00    6.18 v _189_/A2 (sky130_fd_sc_hd__a311o_1)
                  0.10    0.65    6.83 v _189_/X (sky130_fd_sc_hd__a311o_1)
     1    0.00                           _022_ (net)
                  0.10    0.00    6.83 v _193_/A2 (sky130_fd_sc_hd__o21ai_1)
                  0.17    0.21    7.04 ^ _193_/Y (sky130_fd_sc_hd__o21ai_1)
     1    0.00                           net27 (net)
                  0.17    0.00    7.04 ^ output27/A (sky130_fd_sc_hd__buf_2)
                  0.27    0.41    7.45 ^ output27/X (sky130_fd_sc_hd__buf_2)
     1    0.03                           y[7] (net)
                  0.27    0.00    7.45 ^ y[7] (out)
                                  7.45   data arrival time

                  0.00   10.00   10.00   clock __VIRTUAL_CLK__ (rise edge)
                          0.00   10.00   clock network delay (ideal)
                         -0.25    9.75   clock uncertainty
                          0.00    9.75   clock reconvergence pessimism
                         -2.00    7.75   output external delay
                                  7.75   data required time
-----------------------------------------------------------------------------
                                  7.75   data required time
                                 -7.45   data arrival time
-----------------------------------------------------------------------------
                                  0.30   slack (MET)


Startpoint: sel[2] (input port clocked by __VIRTUAL_CLK__)
Endpoint: y[6] (output port clocked by __VIRTUAL_CLK__)
Path Group: __VIRTUAL_CLK__
Path Type: max
Corner: Slowest

Fanout     Cap    Slew   Delay    Time   Description
-----------------------------------------------------------------------------
                  0.00    0.00    0.00   clock __VIRTUAL_CLK__ (rise edge)
                          0.00    0.00   clock network delay (ideal)
                          2.00    2.00 v input external delay
                  0.02    0.01    2.01 v sel[2] (in)
     1    0.00                           sel[2] (net)
                  0.02    0.00    2.01 v input19/A (sky130_fd_sc_hd__clkbuf_4)
                  0.15    0.32    2.33 v input19/X (sky130_fd_sc_hd__clkbuf_4)
     7    0.04                           net19 (net)
                  0.15    0.00    2.34 v _101_/A (sky130_fd_sc_hd__or3b_1)
                  0.13    0.91    3.24 v _101_/X (sky130_fd_sc_hd__or3b_1)
     1    0.00                           _033_ (net)
                  0.13    0.00    3.24 v _102_/A (sky130_fd_sc_hd__buf_2)
                  0.13    0.36    3.61 v _102_/X (sky130_fd_sc_hd__buf_2)
     8    0.03                           _034_ (net)
                  0.13    0.00    3.61 v _129_/B1 (sky130_fd_sc_hd__o21a_1)
                  0.11    0.27    3.88 v _129_/X (sky130_fd_sc_hd__o21a_1)
     2    0.01                           _059_ (net)
                  0.11    0.00    3.88 v _142_/B1 (sky130_fd_sc_hd__a21o_1)
                  0.11    0.36    4.24 v _142_/X (sky130_fd_sc_hd__a21o_1)
     1    0.01                           _071_ (net)
                  0.11    0.00    4.24 v _143_/B (sky130_fd_sc_hd__xor2_2)
                  0.14    0.33    4.57 v _143_/X (sky130_fd_sc_hd__xor2_2)
     2    0.01                           _072_ (net)
                  0.14    0.00    4.57 v _154_/B (sky130_fd_sc_hd__or2_1)
                  0.16    0.58    5.16 v _154_/X (sky130_fd_sc_hd__or2_1)
     3    0.01                           _082_ (net)
                  0.16    0.00    5.16 v _169_/A (sky130_fd_sc_hd__and2_1)
                  0.09    0.36    5.52 v _169_/X (sky130_fd_sc_hd__and2_1)
     2    0.01                           _003_ (net)
                  0.09    0.00    5.52 v _175_/A2 (sky130_fd_sc_hd__a211o_1)
                  0.16    0.66    6.18 v _175_/X (sky130_fd_sc_hd__a211o_1)
     3    0.01                           _009_ (net)
                  0.16    0.00    6.18 v _182_/A2 (sky130_fd_sc_hd__a31o_1)
                  0.09    0.46    6.63 v _182_/X (sky130_fd_sc_hd__a31o_1)
     1    0.01                           net26 (net)
                  0.09    0.00    6.63 v output26/A (sky130_fd_sc_hd__clkbuf_4)
                  0.14    0.35    6.99 v output26/X (sky130_fd_sc_hd__clkbuf_4)
     1    0.03                           y[6] (net)
                  0.14    0.00    6.99 v y[6] (out)
                                  6.99   data arrival time

                  0.00   10.00   10.00   clock __VIRTUAL_CLK__ (rise edge)
                          0.00   10.00   clock network delay (ideal)
                         -0.25    9.75   clock uncertainty
                          0.00    9.75   clock reconvergence pessimism
                         -2.00    7.75   output external delay
                                  7.75   data required time
-----------------------------------------------------------------------------
                                  7.75   data required time
                                 -6.99   data arrival time
-----------------------------------------------------------------------------
                                  0.76   slack (MET)


Startpoint: sel[2] (input port clocked by __VIRTUAL_CLK__)
Endpoint: y[4] (output port clocked by __VIRTUAL_CLK__)
Path Group: __VIRTUAL_CLK__
Path Type: max
Corner: Slowest

Fanout     Cap    Slew   Delay    Time   Description
-----------------------------------------------------------------------------
                  0.00    0.00    0.00   clock __VIRTUAL_CLK__ (rise edge)
                          0.00    0.00   clock network delay (ideal)
                          2.00    2.00 v input external delay
                  0.02    0.01    2.01 v sel[2] (in)
     1    0.00                           sel[2] (net)
                  0.02    0.00    2.01 v input19/A (sky130_fd_sc_hd__clkbuf_4)
                  0.15    0.32    2.33 v input19/X (sky130_fd_sc_hd__clkbuf_4)
     7    0.04                           net19 (net)
                  0.15    0.00    2.34 v _101_/A (sky130_fd_sc_hd__or3b_1)
                  0.13    0.91    3.24 v _101_/X (sky130_fd_sc_hd__or3b_1)
     1    0.00                           _033_ (net)
                  0.13    0.00    3.24 v _102_/A (sky130_fd_sc_hd__buf_2)
                  0.13    0.36    3.61 v _102_/X (sky130_fd_sc_hd__buf_2)
     8    0.03                           _034_ (net)
                  0.13    0.00    3.61 v _103_/A2 (sky130_fd_sc_hd__a21bo_1)
                  0.08    0.40    4.00 v _103_/X (sky130_fd_sc_hd__a21bo_1)
     2    0.00                           _035_ (net)
                  0.08    0.00    4.00 v _105_/B (sky130_fd_sc_hd__and3_1)
                  0.08    0.37    4.37 v _105_/X (sky130_fd_sc_hd__and3_1)
     2    0.00                           _037_ (net)
                  0.08    0.00    4.37 v _117_/B1 (sky130_fd_sc_hd__a21oi_1)
                  0.35    0.34    4.71 ^ _117_/Y (sky130_fd_sc_hd__a21oi_1)
     2    0.01                           _048_ (net)
                  0.35    0.00    4.71 ^ _122_/A (sky130_fd_sc_hd__nor2_2)
                  0.14    0.26    4.97 v _122_/Y (sky130_fd_sc_hd__nor2_2)
     4    0.02                           _053_ (net)
                  0.14    0.00    4.97 v _146_/A1 (sky130_fd_sc_hd__o21a_1)
                  0.06    0.38    5.35 v _146_/X (sky130_fd_sc_hd__o21a_1)
     1    0.00                           _075_ (net)
                  0.06    0.00    5.35 v _147_/B (sky130_fd_sc_hd__or2_1)
                  0.10    0.47    5.82 v _147_/X (sky130_fd_sc_hd__or2_1)
     1    0.00                           _076_ (net)
                  0.10    0.00    5.82 v _152_/A3 (sky130_fd_sc_hd__a31o_1)
                  0.10    0.45    6.27 v _152_/X (sky130_fd_sc_hd__a31o_1)
     1    0.01                           net24 (net)
                  0.10    0.00    6.27 v output24/A (sky130_fd_sc_hd__clkbuf_4)
                  0.14    0.36    6.63 v output24/X (sky130_fd_sc_hd__clkbuf_4)
     1    0.03                           y[4] (net)
                  0.14    0.00    6.63 v y[4] (out)
                                  6.63   data arrival time

                  0.00   10.00   10.00   clock __VIRTUAL_CLK__ (rise edge)
                          0.00   10.00   clock network delay (ideal)
                         -0.25    9.75   clock uncertainty
                          0.00    9.75   clock reconvergence pessimism
                         -2.00    7.75   output external delay
                                  7.75   data required time
-----------------------------------------------------------------------------
                                  7.75   data required time
                                 -6.63   data arrival time
-----------------------------------------------------------------------------
                                  1.12   slack (MET)


Startpoint: sel[2] (input port clocked by __VIRTUAL_CLK__)
Endpoint: y[3] (output port clocked by __VIRTUAL_CLK__)
Path Group: __VIRTUAL_CLK__
Path Type: max
Corner: Slowest

Fanout     Cap    Slew   Delay    Time   Description
-----------------------------------------------------------------------------
                  0.00    0.00    0.00   clock __VIRTUAL_CLK__ (rise edge)
                          0.00    0.00   clock network delay (ideal)
                          2.00    2.00 v input external delay
                  0.02    0.01    2.01 v sel[2] (in)
     1    0.00                           sel[2] (net)
                  0.02    0.00    2.01 v input19/A (sky130_fd_sc_hd__clkbuf_4)
                  0.15    0.32    2.33 v input19/X (sky130_fd_sc_hd__clkbuf_4)
     7    0.04                           net19 (net)
                  0.15    0.00    2.34 v _101_/A (sky130_fd_sc_hd__or3b_1)
                  0.13    0.91    3.24 v _101_/X (sky130_fd_sc_hd__or3b_1)
     1    0.00                           _033_ (net)
                  0.13    0.00    3.24 v _102_/A (sky130_fd_sc_hd__buf_2)
                  0.13    0.36    3.61 v _102_/X (sky130_fd_sc_hd__buf_2)
     8    0.03                           _034_ (net)
                  0.13    0.00    3.61 v _103_/A2 (sky130_fd_sc_hd__a21bo_1)
                  0.08    0.40    4.00 v _103_/X (sky130_fd_sc_hd__a21bo_1)
     2    0.00                           _035_ (net)
                  0.08    0.00    4.00 v _105_/B (sky130_fd_sc_hd__and3_1)
                  0.08    0.37    4.37 v _105_/X (sky130_fd_sc_hd__and3_1)
     2    0.00                           _037_ (net)
                  0.08    0.00    4.37 v _117_/B1 (sky130_fd_sc_hd__a21oi_1)
                  0.35    0.34    4.71 ^ _117_/Y (sky130_fd_sc_hd__a21oi_1)
     2    0.01                           _048_ (net)
                  0.35    0.00    4.71 ^ _122_/A (sky130_fd_sc_hd__nor2_2)
                  0.14    0.26    4.97 v _122_/Y (sky130_fd_sc_hd__nor2_2)
     4    0.02                           _053_ (net)
                  0.14    0.00    4.97 v _134_/B1 (sky130_fd_sc_hd__a21o_1)
                  0.08    0.34    5.31 v _134_/X (sky130_fd_sc_hd__a21o_1)
     1    0.00                           _064_ (net)
                  0.08    0.00    5.31 v _135_/B (sky130_fd_sc_hd__xnor2_1)
                  0.09    0.22    5.53 v _135_/Y (sky130_fd_sc_hd__xnor2_1)
     1    0.00                           _065_ (net)
                  0.09    0.00    5.53 v _140_/A2 (sky130_fd_sc_hd__a211o_1)
                  0.11    0.60    6.13 v _140_/X (sky130_fd_sc_hd__a211o_1)
     1    0.00                           net23 (net)
                  0.11    0.00    6.13 v output23/A (sky130_fd_sc_hd__clkbuf_4)
                  0.14    0.36    6.49 v output23/X (sky130_fd_sc_hd__clkbuf_4)
     1    0.03                           y[3] (net)
                  0.14    0.00    6.49 v y[3] (out)
                                  6.49   data arrival time

                  0.00   10.00   10.00   clock __VIRTUAL_CLK__ (rise edge)
                          0.00   10.00   clock network delay (ideal)
                         -0.25    9.75   clock uncertainty
                          0.00    9.75   clock reconvergence pessimism
                         -2.00    7.75   output external delay
                                  7.75   data required time
-----------------------------------------------------------------------------
                                  7.75   data required time
                                 -6.49   data arrival time
-----------------------------------------------------------------------------
                                  1.26   slack (MET)


Startpoint: sel[2] (input port clocked by __VIRTUAL_CLK__)
Endpoint: y[5] (output port clocked by __VIRTUAL_CLK__)
Path Group: __VIRTUAL_CLK__
Path Type: max
Corner: Slowest

Fanout     Cap    Slew   Delay    Time   Description
-----------------------------------------------------------------------------
                  0.00    0.00    0.00   clock __VIRTUAL_CLK__ (rise edge)
                          0.00    0.00   clock network delay (ideal)
                          2.00    2.00 v input external delay
                  0.02    0.01    2.01 v sel[2] (in)
     1    0.00                           sel[2] (net)
                  0.02    0.00    2.01 v input19/A (sky130_fd_sc_hd__clkbuf_4)
                  0.15    0.32    2.33 v input19/X (sky130_fd_sc_hd__clkbuf_4)
     7    0.04                           net19 (net)
                  0.15    0.00    2.34 v _101_/A (sky130_fd_sc_hd__or3b_1)
                  0.13    0.91    3.24 v _101_/X (sky130_fd_sc_hd__or3b_1)
     1    0.00                           _033_ (net)
                  0.13    0.00    3.24 v _102_/A (sky130_fd_sc_hd__buf_2)
                  0.13    0.36    3.61 v _102_/X (sky130_fd_sc_hd__buf_2)
     8    0.03                           _034_ (net)
                  0.13    0.00    3.61 v _103_/A2 (sky130_fd_sc_hd__a21bo_1)
                  0.08    0.40    4.00 v _103_/X (sky130_fd_sc_hd__a21bo_1)
     2    0.00                           _035_ (net)
                  0.08    0.00    4.00 v _105_/B (sky130_fd_sc_hd__and3_1)
                  0.08    0.37    4.37 v _105_/X (sky130_fd_sc_hd__and3_1)
     2    0.00                           _037_ (net)
                  0.08    0.00    4.37 v _117_/B1 (sky130_fd_sc_hd__a21oi_1)
                  0.35    0.34    4.71 ^ _117_/Y (sky130_fd_sc_hd__a21oi_1)
     2    0.01                           _048_ (net)
                  0.35    0.00    4.71 ^ _122_/A (sky130_fd_sc_hd__nor2_2)
                  0.14    0.26    4.97 v _122_/Y (sky130_fd_sc_hd__nor2_2)
     4    0.02                           _053_ (net)
                  0.14    0.00    4.97 v _145_/A1 (sky130_fd_sc_hd__o211ai_4)
                  0.32    0.42    5.39 ^ _145_/Y (sky130_fd_sc_hd__o211ai_4)
     5    0.02                           _074_ (net)
                  0.32    0.00    5.39 ^ _163_/B (sky130_fd_sc_hd__nand3_1)
                  0.14    0.25    5.64 v _163_/Y (sky130_fd_sc_hd__nand3_1)
     1    0.00                           _091_ (net)
                  0.14    0.00    5.64 v _168_/A3 (sky130_fd_sc_hd__a31o_1)
                  0.08    0.45    6.08 v _168_/X (sky130_fd_sc_hd__a31o_1)
     1    0.00                           net25 (net)
                  0.08    0.00    6.08 v output25/A (sky130_fd_sc_hd__clkbuf_4)
                  0.14    0.35    6.43 v output25/X (sky130_fd_sc_hd__clkbuf_4)
     1    0.03                           y[5] (net)
                  0.14    0.00    6.43 v y[5] (out)
                                  6.43   data arrival time

                  0.00   10.00   10.00   clock __VIRTUAL_CLK__ (rise edge)
                          0.00   10.00   clock network delay (ideal)
                         -0.25    9.75   clock uncertainty
                          0.00    9.75   clock reconvergence pessimism
                         -2.00    7.75   output external delay
                                  7.75   data required time
-----------------------------------------------------------------------------
                                  7.75   data required time
                                 -6.43   data arrival time
-----------------------------------------------------------------------------
                                  1.32   slack (MET)


Startpoint: sel[2] (input port clocked by __VIRTUAL_CLK__)
Endpoint: y[1] (output port clocked by __VIRTUAL_CLK__)
Path Group: __VIRTUAL_CLK__
Path Type: max
Corner: Slowest

Fanout     Cap    Slew   Delay    Time   Description
-----------------------------------------------------------------------------
                  0.00    0.00    0.00   clock __VIRTUAL_CLK__ (rise edge)
                          0.00    0.00   clock network delay (ideal)
                          2.00    2.00 v input external delay
                  0.02    0.01    2.01 v sel[2] (in)
     1    0.00                           sel[2] (net)
                  0.02    0.00    2.01 v input19/A (sky130_fd_sc_hd__clkbuf_4)
                  0.15    0.32    2.33 v input19/X (sky130_fd_sc_hd__clkbuf_4)
     7    0.04                           net19 (net)
                  0.15    0.00    2.34 v _101_/A (sky130_fd_sc_hd__or3b_1)
                  0.13    0.91    3.24 v _101_/X (sky130_fd_sc_hd__or3b_1)
     1    0.00                           _033_ (net)
                  0.13    0.00    3.24 v _102_/A (sky130_fd_sc_hd__buf_2)
                  0.13    0.36    3.61 v _102_/X (sky130_fd_sc_hd__buf_2)
     8    0.03                           _034_ (net)
                  0.13    0.00    3.61 v _103_/A2 (sky130_fd_sc_hd__a21bo_1)
                  0.08    0.40    4.00 v _103_/X (sky130_fd_sc_hd__a21bo_1)
     2    0.00                           _035_ (net)
                  0.08    0.00    4.00 v _105_/B (sky130_fd_sc_hd__and3_1)
                  0.08    0.37    4.37 v _105_/X (sky130_fd_sc_hd__and3_1)
     2    0.00                           _037_ (net)
                  0.08    0.00    4.37 v _107_/A (sky130_fd_sc_hd__or2b_1)
                  0.11    0.54    4.91 v _107_/X (sky130_fd_sc_hd__or2b_1)
     1    0.00                           _039_ (net)
                  0.11    0.00    4.91 v _109_/A (sky130_fd_sc_hd__xnor2_1)
                  0.10    0.25    5.15 v _109_/Y (sky130_fd_sc_hd__xnor2_1)
     1    0.00                           _041_ (net)
                  0.10    0.00    5.15 v _116_/A2 (sky130_fd_sc_hd__a211o_1)
                  0.08    0.57    5.72 v _116_/X (sky130_fd_sc_hd__a211o_1)
     1    0.00                           net21 (net)
                  0.08    0.00    5.72 v output21/A (sky130_fd_sc_hd__clkbuf_4)
                  0.14    0.35    6.07 v output21/X (sky130_fd_sc_hd__clkbuf_4)
     1    0.03                           y[1] (net)
                  0.14    0.00    6.07 v y[1] (out)
                                  6.07   data arrival time

                  0.00   10.00   10.00   clock __VIRTUAL_CLK__ (rise edge)
                          0.00   10.00   clock network delay (ideal)
                         -0.25    9.75   clock uncertainty
                          0.00    9.75   clock reconvergence pessimism
                         -2.00    7.75   output external delay
                                  7.75   data required time
-----------------------------------------------------------------------------
                                  7.75   data required time
                                 -6.07   data arrival time
-----------------------------------------------------------------------------
                                  1.68   slack (MET)


Startpoint: sel[2] (input port clocked by __VIRTUAL_CLK__)
Endpoint: y[2] (output port clocked by __VIRTUAL_CLK__)
Path Group: __VIRTUAL_CLK__
Path Type: max
Corner: Slowest

Fanout     Cap    Slew   Delay    Time   Description
-----------------------------------------------------------------------------
                  0.00    0.00    0.00   clock __VIRTUAL_CLK__ (rise edge)
                          0.00    0.00   clock network delay (ideal)
                          2.00    2.00 v input external delay
                  0.02    0.01    2.01 v sel[2] (in)
     1    0.00                           sel[2] (net)
                  0.02    0.00    2.01 v input19/A (sky130_fd_sc_hd__clkbuf_4)
                  0.15    0.32    2.33 v input19/X (sky130_fd_sc_hd__clkbuf_4)
     7    0.04                           net19 (net)
                  0.15    0.00    2.34 v _101_/A (sky130_fd_sc_hd__or3b_1)
                  0.13    0.91    3.24 v _101_/X (sky130_fd_sc_hd__or3b_1)
     1    0.00                           _033_ (net)
                  0.13    0.00    3.24 v _102_/A (sky130_fd_sc_hd__buf_2)
                  0.13    0.36    3.61 v _102_/X (sky130_fd_sc_hd__buf_2)
     8    0.03                           _034_ (net)
                  0.13    0.00    3.61 v _103_/A2 (sky130_fd_sc_hd__a21bo_1)
                  0.08    0.40    4.00 v _103_/X (sky130_fd_sc_hd__a21bo_1)
     2    0.00                           _035_ (net)
                  0.08    0.00    4.00 v _105_/B (sky130_fd_sc_hd__and3_1)
                  0.08    0.37    4.37 v _105_/X (sky130_fd_sc_hd__and3_1)
     2    0.00                           _037_ (net)
                  0.08    0.00    4.37 v _117_/B1 (sky130_fd_sc_hd__a21oi_1)
                  0.35    0.34    4.71 ^ _117_/Y (sky130_fd_sc_hd__a21oi_1)
     2    0.01                           _048_ (net)
                  0.35    0.00    4.71 ^ _122_/A (sky130_fd_sc_hd__nor2_2)
                  0.14    0.26    4.97 v _122_/Y (sky130_fd_sc_hd__nor2_2)
     4    0.02                           _053_ (net)
                  0.14    0.00    4.97 v _128_/A1 (sky130_fd_sc_hd__o21bai_1)
                  0.17    0.26    5.23 ^ _128_/Y (sky130_fd_sc_hd__o21bai_1)
     1    0.00                           net22 (net)
                  0.17    0.00    5.23 ^ output22/A (sky130_fd_sc_hd__clkbuf_4)
                  0.18    0.40    5.63 ^ output22/X (sky130_fd_sc_hd__clkbuf_4)
     1    0.04                           y[2] (net)
                  0.18    0.00    5.63 ^ y[2] (out)
                                  5.63   data arrival time

                  0.00   10.00   10.00   clock __VIRTUAL_CLK__ (rise edge)
                          0.00   10.00   clock network delay (ideal)
                         -0.25    9.75   clock uncertainty
                          0.00    9.75   clock reconvergence pessimism
                         -2.00    7.75   output external delay
                                  7.75   data required time
-----------------------------------------------------------------------------
                                  7.75   data required time
                                 -5.63   data arrival time
-----------------------------------------------------------------------------
                                  2.12   slack (MET)


Startpoint: sel[1] (input port clocked by __VIRTUAL_CLK__)
Endpoint: y[0] (output port clocked by __VIRTUAL_CLK__)
Path Group: __VIRTUAL_CLK__
Path Type: max
Corner: Slowest

Fanout     Cap    Slew   Delay    Time   Description
-----------------------------------------------------------------------------
                  0.00    0.00    0.00   clock __VIRTUAL_CLK__ (rise edge)
                          0.00    0.00   clock network delay (ideal)
                          2.00    2.00 v input external delay
                  0.02    0.01    2.01 v sel[1] (in)
     1    0.00                           sel[1] (net)
                  0.02    0.00    2.01 v input18/A (sky130_fd_sc_hd__clkbuf_2)
                  0.16    0.26    2.27 v input18/X (sky130_fd_sc_hd__clkbuf_2)
     7    0.02                           net18 (net)
                  0.16    0.00    2.27 v _093_/B_N (sky130_fd_sc_hd__nor2b_4)
                  0.11    0.34    2.62 v _093_/Y (sky130_fd_sc_hd__nor2b_4)
     9    0.03                           _026_ (net)
                  0.11    0.00    2.62 v _094_/B (sky130_fd_sc_hd__and2_2)
                  0.19    0.58    3.20 v _094_/X (sky130_fd_sc_hd__and2_2)
     8    0.03                           _027_ (net)
                  0.19    0.00    3.20 v _096_/B1 (sky130_fd_sc_hd__o22a_1)
                  0.09    0.42    3.61 v _096_/X (sky130_fd_sc_hd__o22a_1)
     1    0.00                           _029_ (net)
                  0.09    0.00    3.61 v _099_/B1 (sky130_fd_sc_hd__a311o_1)
                  0.09    0.62    4.23 v _099_/X (sky130_fd_sc_hd__a311o_1)
     1    0.00                           net20 (net)
                  0.09    0.00    4.23 v output20/A (sky130_fd_sc_hd__clkbuf_4)
                  0.14    0.35    4.58 v output20/X (sky130_fd_sc_hd__clkbuf_4)
     1    0.03                           y[0] (net)
                  0.14    0.00    4.58 v y[0] (out)
                                  4.58   data arrival time

                  0.00   10.00   10.00   clock __VIRTUAL_CLK__ (rise edge)
                          0.00   10.00   clock network delay (ideal)
                         -0.25    9.75   clock uncertainty
                          0.00    9.75   clock reconvergence pessimism
                         -2.00    7.75   output external delay
                                  7.75   data required time
-----------------------------------------------------------------------------
                                  7.75   data required time
                                 -4.58   data arrival time
-----------------------------------------------------------------------------
                                  3.17   slack (MET)



======================= Typical Corner ===================================

Startpoint: sel[2] (input port clocked by __VIRTUAL_CLK__)
Endpoint: y[7] (output port clocked by __VIRTUAL_CLK__)
Path Group: __VIRTUAL_CLK__
Path Type: max
Corner: Typical

Fanout     Cap    Slew   Delay    Time   Description
-----------------------------------------------------------------------------
                  0.00    0.00    0.00   clock __VIRTUAL_CLK__ (rise edge)
                          0.00    0.00   clock network delay (ideal)
                          2.00    2.00 v input external delay
                  0.01    0.01    2.01 v sel[2] (in)
     1    0.00                           sel[2] (net)
                  0.01    0.00    2.01 v input19/A (sky130_fd_sc_hd__clkbuf_4)
                  0.08    0.18    2.18 v input19/X (sky130_fd_sc_hd__clkbuf_4)
     7    0.04                           net19 (net)
                  0.08    0.00    2.19 v _101_/A (sky130_fd_sc_hd__or3b_1)
                  0.06    0.39    2.58 v _101_/X (sky130_fd_sc_hd__or3b_1)
     1    0.00                           _033_ (net)
                  0.06    0.00    2.58 v _102_/A (sky130_fd_sc_hd__buf_2)
                  0.07    0.18    2.76 v _102_/X (sky130_fd_sc_hd__buf_2)
     8    0.03                           _034_ (net)
                  0.07    0.00    2.76 v _129_/B1 (sky130_fd_sc_hd__o21a_1)
                  0.06    0.14    2.89 v _129_/X (sky130_fd_sc_hd__o21a_1)
     2    0.01                           _059_ (net)
                  0.06    0.00    2.89 v _142_/B1 (sky130_fd_sc_hd__a21o_1)
                  0.06    0.19    3.09 v _142_/X (sky130_fd_sc_hd__a21o_1)
     1    0.01                           _071_ (net)
                  0.06    0.00    3.09 v _143_/B (sky130_fd_sc_hd__xor2_2)
                  0.07    0.17    3.26 v _143_/X (sky130_fd_sc_hd__xor2_2)
     2    0.01                           _072_ (net)
                  0.07    0.00    3.26 v _154_/B (sky130_fd_sc_hd__or2_1)
                  0.08    0.26    3.52 v _154_/X (sky130_fd_sc_hd__or2_1)
     3    0.01                           _082_ (net)
                  0.08    0.00    3.52 v _169_/A (sky130_fd_sc_hd__and2_1)
                  0.05    0.17    3.69 v _169_/X (sky130_fd_sc_hd__and2_1)
     2    0.01                           _003_ (net)
                  0.05    0.00    3.69 v _175_/A2 (sky130_fd_sc_hd__a211o_1)
                  0.08    0.35    4.04 v _175_/X (sky130_fd_sc_hd__a211o_1)
     3    0.01                           _009_ (net)
                  0.08    0.00    4.04 v _189_/A2 (sky130_fd_sc_hd__a311o_1)
                  0.06    0.34    4.38 v _189_/X (sky130_fd_sc_hd__a311o_1)
     1    0.00                           _022_ (net)
                  0.06    0.00    4.38 v _193_/A2 (sky130_fd_sc_hd__o21ai_1)
                  0.10    0.12    4.50 ^ _193_/Y (sky130_fd_sc_hd__o21ai_1)
     1    0.00                           net27 (net)
                  0.10    0.00    4.50 ^ output27/A (sky130_fd_sc_hd__buf_2)
                  0.17    0.23    4.73 ^ output27/X (sky130_fd_sc_hd__buf_2)
     1    0.03                           y[7] (net)
                  0.17    0.00    4.73 ^ y[7] (out)
                                  4.73   data arrival time

                  0.00   10.00   10.00   clock __VIRTUAL_CLK__ (rise edge)
                          0.00   10.00   clock network delay (ideal)
                         -0.25    9.75   clock uncertainty
                          0.00    9.75   clock reconvergence pessimism
                         -2.00    7.75   output external delay
                                  7.75   data required time
-----------------------------------------------------------------------------
                                  7.75   data required time
                                 -4.73   data arrival time
-----------------------------------------------------------------------------
                                  3.02   slack (MET)


Startpoint: sel[2] (input port clocked by __VIRTUAL_CLK__)
Endpoint: y[6] (output port clocked by __VIRTUAL_CLK__)
Path Group: __VIRTUAL_CLK__
Path Type: max
Corner: Typical

Fanout     Cap    Slew   Delay    Time   Description
-----------------------------------------------------------------------------
                  0.00    0.00    0.00   clock __VIRTUAL_CLK__ (rise edge)
                          0.00    0.00   clock network delay (ideal)
                          2.00    2.00 v input external delay
                  0.01    0.01    2.01 v sel[2] (in)
     1    0.00                           sel[2] (net)
                  0.01    0.00    2.01 v input19/A (sky130_fd_sc_hd__clkbuf_4)
                  0.08    0.18    2.18 v input19/X (sky130_fd_sc_hd__clkbuf_4)
     7    0.04                           net19 (net)
                  0.08    0.00    2.19 v _101_/A (sky130_fd_sc_hd__or3b_1)
                  0.06    0.39    2.58 v _101_/X (sky130_fd_sc_hd__or3b_1)
     1    0.00                           _033_ (net)
                  0.06    0.00    2.58 v _102_/A (sky130_fd_sc_hd__buf_2)
                  0.07    0.18    2.76 v _102_/X (sky130_fd_sc_hd__buf_2)
     8    0.03                           _034_ (net)
                  0.07    0.00    2.76 v _129_/B1 (sky130_fd_sc_hd__o21a_1)
                  0.06    0.14    2.89 v _129_/X (sky130_fd_sc_hd__o21a_1)
     2    0.01                           _059_ (net)
                  0.06    0.00    2.89 v _142_/B1 (sky130_fd_sc_hd__a21o_1)
                  0.06    0.19    3.09 v _142_/X (sky130_fd_sc_hd__a21o_1)
     1    0.01                           _071_ (net)
                  0.06    0.00    3.09 v _143_/B (sky130_fd_sc_hd__xor2_2)
                  0.07    0.17    3.26 v _143_/X (sky130_fd_sc_hd__xor2_2)
     2    0.01                           _072_ (net)
                  0.07    0.00    3.26 v _154_/B (sky130_fd_sc_hd__or2_1)
                  0.08    0.26    3.52 v _154_/X (sky130_fd_sc_hd__or2_1)
     3    0.01                           _082_ (net)
                  0.08    0.00    3.52 v _169_/A (sky130_fd_sc_hd__and2_1)
                  0.05    0.17    3.69 v _169_/X (sky130_fd_sc_hd__and2_1)
     2    0.01                           _003_ (net)
                  0.05    0.00    3.69 v _175_/A2 (sky130_fd_sc_hd__a211o_1)
                  0.08    0.35    4.04 v _175_/X (sky130_fd_sc_hd__a211o_1)
     3    0.01                           _009_ (net)
                  0.08    0.00    4.04 v _182_/A2 (sky130_fd_sc_hd__a31o_1)
                  0.05    0.24    4.28 v _182_/X (sky130_fd_sc_hd__a31o_1)
     1    0.01                           net26 (net)
                  0.05    0.00    4.28 v output26/A (sky130_fd_sc_hd__clkbuf_4)
                  0.08    0.20    4.48 v output26/X (sky130_fd_sc_hd__clkbuf_4)
     1    0.03                           y[6] (net)
                  0.08    0.00    4.48 v y[6] (out)
                                  4.48   data arrival time

                  0.00   10.00   10.00   clock __VIRTUAL_CLK__ (rise edge)
                          0.00   10.00   clock network delay (ideal)
                         -0.25    9.75   clock uncertainty
                          0.00    9.75   clock reconvergence pessimism
                         -2.00    7.75   output external delay
                                  7.75   data required time
-----------------------------------------------------------------------------
                                  7.75   data required time
                                 -4.48   data arrival time
-----------------------------------------------------------------------------
                                  3.27   slack (MET)


Startpoint: sel[2] (input port clocked by __VIRTUAL_CLK__)
Endpoint: y[4] (output port clocked by __VIRTUAL_CLK__)
Path Group: __VIRTUAL_CLK__
Path Type: max
Corner: Typical

Fanout     Cap    Slew   Delay    Time   Description
-----------------------------------------------------------------------------
                  0.00    0.00    0.00   clock __VIRTUAL_CLK__ (rise edge)
                          0.00    0.00   clock network delay (ideal)
                          2.00    2.00 v input external delay
                  0.01    0.01    2.01 v sel[2] (in)
     1    0.00                           sel[2] (net)
                  0.01    0.00    2.01 v input19/A (sky130_fd_sc_hd__clkbuf_4)
                  0.08    0.18    2.18 v input19/X (sky130_fd_sc_hd__clkbuf_4)
     7    0.04                           net19 (net)
                  0.08    0.00    2.19 v _101_/A (sky130_fd_sc_hd__or3b_1)
                  0.06    0.39    2.58 v _101_/X (sky130_fd_sc_hd__or3b_1)
     1    0.00                           _033_ (net)
                  0.06    0.00    2.58 v _102_/A (sky130_fd_sc_hd__buf_2)
                  0.07    0.18    2.76 v _102_/X (sky130_fd_sc_hd__buf_2)
     8    0.03                           _034_ (net)
                  0.07    0.00    2.76 v _103_/A2 (sky130_fd_sc_hd__a21bo_1)
                  0.04    0.21    2.97 v _103_/X (sky130_fd_sc_hd__a21bo_1)
     2    0.00                           _035_ (net)
                  0.04    0.00    2.97 v _105_/B (sky130_fd_sc_hd__and3_1)
                  0.04    0.17    3.14 v _105_/X (sky130_fd_sc_hd__and3_1)
     2    0.00                           _037_ (net)
                  0.04    0.00    3.14 v _117_/B1 (sky130_fd_sc_hd__a21oi_1)
                  0.21    0.20    3.34 ^ _117_/Y (sky130_fd_sc_hd__a21oi_1)
     2    0.01                           _048_ (net)
                  0.21    0.00    3.34 ^ _122_/A (sky130_fd_sc_hd__nor2_2)
                  0.09    0.13    3.47 v _122_/Y (sky130_fd_sc_hd__nor2_2)
     4    0.02                           _053_ (net)
                  0.09    0.00    3.47 v _146_/A1 (sky130_fd_sc_hd__o21a_1)
                  0.03    0.20    3.67 v _146_/X (sky130_fd_sc_hd__o21a_1)
     1    0.00                           _075_ (net)
                  0.03    0.00    3.67 v _147_/B (sky130_fd_sc_hd__or2_1)
                  0.05    0.21    3.88 v _147_/X (sky130_fd_sc_hd__or2_1)
     1    0.00                           _076_ (net)
                  0.05    0.00    3.88 v _152_/A3 (sky130_fd_sc_hd__a31o_1)
                  0.05    0.24    4.12 v _152_/X (sky130_fd_sc_hd__a31o_1)
     1    0.01                           net24 (net)
                  0.05    0.00    4.12 v output24/A (sky130_fd_sc_hd__clkbuf_4)
                  0.08    0.20    4.32 v output24/X (sky130_fd_sc_hd__clkbuf_4)
     1    0.03                           y[4] (net)
                  0.08    0.00    4.32 v y[4] (out)
                                  4.32   data arrival time

                  0.00   10.00   10.00   clock __VIRTUAL_CLK__ (rise edge)
                          0.00   10.00   clock network delay (ideal)
                         -0.25    9.75   clock uncertainty
                          0.00    9.75   clock reconvergence pessimism
                         -2.00    7.75   output external delay
                                  7.75   data required time
-----------------------------------------------------------------------------
                                  7.75   data required time
                                 -4.32   data arrival time
-----------------------------------------------------------------------------
                                  3.43   slack (MET)


Startpoint: sel[2] (input port clocked by __VIRTUAL_CLK__)
Endpoint: y[3] (output port clocked by __VIRTUAL_CLK__)
Path Group: __VIRTUAL_CLK__
Path Type: max
Corner: Typical

Fanout     Cap    Slew   Delay    Time   Description
-----------------------------------------------------------------------------
                  0.00    0.00    0.00   clock __VIRTUAL_CLK__ (rise edge)
                          0.00    0.00   clock network delay (ideal)
                          2.00    2.00 v input external delay
                  0.01    0.01    2.01 v sel[2] (in)
     1    0.00                           sel[2] (net)
                  0.01    0.00    2.01 v input19/A (sky130_fd_sc_hd__clkbuf_4)
                  0.08    0.18    2.18 v input19/X (sky130_fd_sc_hd__clkbuf_4)
     7    0.04                           net19 (net)
                  0.08    0.00    2.19 v _101_/A (sky130_fd_sc_hd__or3b_1)
                  0.06    0.39    2.58 v _101_/X (sky130_fd_sc_hd__or3b_1)
     1    0.00                           _033_ (net)
                  0.06    0.00    2.58 v _102_/A (sky130_fd_sc_hd__buf_2)
                  0.07    0.18    2.76 v _102_/X (sky130_fd_sc_hd__buf_2)
     8    0.03                           _034_ (net)
                  0.07    0.00    2.76 v _103_/A2 (sky130_fd_sc_hd__a21bo_1)
                  0.04    0.21    2.97 v _103_/X (sky130_fd_sc_hd__a21bo_1)
     2    0.00                           _035_ (net)
                  0.04    0.00    2.97 v _105_/B (sky130_fd_sc_hd__and3_1)
                  0.04    0.17    3.14 v _105_/X (sky130_fd_sc_hd__and3_1)
     2    0.00                           _037_ (net)
                  0.04    0.00    3.14 v _117_/B1 (sky130_fd_sc_hd__a21oi_1)
                  0.21    0.20    3.34 ^ _117_/Y (sky130_fd_sc_hd__a21oi_1)
     2    0.01                           _048_ (net)
                  0.21    0.00    3.34 ^ _122_/A (sky130_fd_sc_hd__nor2_2)
                  0.09    0.13    3.47 v _122_/Y (sky130_fd_sc_hd__nor2_2)
     4    0.02                           _053_ (net)
                  0.09    0.00    3.47 v _134_/B1 (sky130_fd_sc_hd__a21o_1)
                  0.04    0.18    3.65 v _134_/X (sky130_fd_sc_hd__a21o_1)
     1    0.01                           _064_ (net)
                  0.04    0.00    3.65 v _135_/B (sky130_fd_sc_hd__xnor2_1)
                  0.05    0.12    3.77 v _135_/Y (sky130_fd_sc_hd__xnor2_1)
     1    0.00                           _065_ (net)
                  0.05    0.00    3.77 v _140_/A2 (sky130_fd_sc_hd__a211o_1)
                  0.06    0.31    4.09 v _140_/X (sky130_fd_sc_hd__a211o_1)
     1    0.00                           net23 (net)
                  0.06    0.00    4.09 v output23/A (sky130_fd_sc_hd__clkbuf_4)
                  0.08    0.20    4.28 v output23/X (sky130_fd_sc_hd__clkbuf_4)
     1    0.03                           y[3] (net)
                  0.08    0.00    4.29 v y[3] (out)
                                  4.29   data arrival time

                  0.00   10.00   10.00   clock __VIRTUAL_CLK__ (rise edge)
                          0.00   10.00   clock network delay (ideal)
                         -0.25    9.75   clock uncertainty
                          0.00    9.75   clock reconvergence pessimism
                         -2.00    7.75   output external delay
                                  7.75   data required time
-----------------------------------------------------------------------------
                                  7.75   data required time
                                 -4.29   data arrival time
-----------------------------------------------------------------------------
                                  3.46   slack (MET)


Startpoint: sel[2] (input port clocked by __VIRTUAL_CLK__)
Endpoint: y[5] (output port clocked by __VIRTUAL_CLK__)
Path Group: __VIRTUAL_CLK__
Path Type: max
Corner: Typical

Fanout     Cap    Slew   Delay    Time   Description
-----------------------------------------------------------------------------
                  0.00    0.00    0.00   clock __VIRTUAL_CLK__ (rise edge)
                          0.00    0.00   clock network delay (ideal)
                          2.00    2.00 v input external delay
                  0.01    0.01    2.01 v sel[2] (in)
     1    0.00                           sel[2] (net)
                  0.01    0.00    2.01 v input19/A (sky130_fd_sc_hd__clkbuf_4)
                  0.08    0.18    2.18 v input19/X (sky130_fd_sc_hd__clkbuf_4)
     7    0.04                           net19 (net)
                  0.08    0.00    2.19 v _101_/A (sky130_fd_sc_hd__or3b_1)
                  0.06    0.39    2.58 v _101_/X (sky130_fd_sc_hd__or3b_1)
     1    0.00                           _033_ (net)
                  0.06    0.00    2.58 v _102_/A (sky130_fd_sc_hd__buf_2)
                  0.07    0.18    2.76 v _102_/X (sky130_fd_sc_hd__buf_2)
     8    0.03                           _034_ (net)
                  0.07    0.00    2.76 v _103_/A2 (sky130_fd_sc_hd__a21bo_1)
                  0.04    0.21    2.97 v _103_/X (sky130_fd_sc_hd__a21bo_1)
     2    0.00                           _035_ (net)
                  0.04    0.00    2.97 v _105_/B (sky130_fd_sc_hd__and3_1)
                  0.04    0.17    3.14 v _105_/X (sky130_fd_sc_hd__and3_1)
     2    0.00                           _037_ (net)
                  0.04    0.00    3.14 v _117_/B1 (sky130_fd_sc_hd__a21oi_1)
                  0.21    0.20    3.34 ^ _117_/Y (sky130_fd_sc_hd__a21oi_1)
     2    0.01                           _048_ (net)
                  0.21    0.00    3.34 ^ _122_/A (sky130_fd_sc_hd__nor2_2)
                  0.09    0.13    3.47 v _122_/Y (sky130_fd_sc_hd__nor2_2)
     4    0.02                           _053_ (net)
                  0.09    0.00    3.47 v _145_/A1 (sky130_fd_sc_hd__o211ai_4)
                  0.21    0.25    3.72 ^ _145_/Y (sky130_fd_sc_hd__o211ai_4)
     5    0.02                           _074_ (net)
                  0.21    0.00    3.72 ^ _163_/B (sky130_fd_sc_hd__nand3_1)
                  0.07    0.10    3.83 v _163_/Y (sky130_fd_sc_hd__nand3_1)
     1    0.00                           _091_ (net)
                  0.07    0.00    3.83 v _168_/A3 (sky130_fd_sc_hd__a31o_1)
                  0.04    0.24    4.06 v _168_/X (sky130_fd_sc_hd__a31o_1)
     1    0.00                           net25 (net)
                  0.04    0.00    4.06 v output25/A (sky130_fd_sc_hd__clkbuf_4)
                  0.08    0.19    4.25 v output25/X (sky130_fd_sc_hd__clkbuf_4)
     1    0.03                           y[5] (net)
                  0.08    0.00    4.25 v y[5] (out)
                                  4.25   data arrival time

                  0.00   10.00   10.00   clock __VIRTUAL_CLK__ (rise edge)
                          0.00   10.00   clock network delay (ideal)
                         -0.25    9.75   clock uncertainty
                          0.00    9.75   clock reconvergence pessimism
                         -2.00    7.75   output external delay
                                  7.75   data required time
-----------------------------------------------------------------------------
                                  7.75   data required time
                                 -4.25   data arrival time
-----------------------------------------------------------------------------
                                  3.50   slack (MET)


Startpoint: sel[2] (input port clocked by __VIRTUAL_CLK__)
Endpoint: y[1] (output port clocked by __VIRTUAL_CLK__)
Path Group: __VIRTUAL_CLK__
Path Type: max
Corner: Typical

Fanout     Cap    Slew   Delay    Time   Description
-----------------------------------------------------------------------------
                  0.00    0.00    0.00   clock __VIRTUAL_CLK__ (rise edge)
                          0.00    0.00   clock network delay (ideal)
                          2.00    2.00 v input external delay
                  0.01    0.01    2.01 v sel[2] (in)
     1    0.00                           sel[2] (net)
                  0.01    0.00    2.01 v input19/A (sky130_fd_sc_hd__clkbuf_4)
                  0.08    0.18    2.18 v input19/X (sky130_fd_sc_hd__clkbuf_4)
     7    0.04                           net19 (net)
                  0.08    0.00    2.19 v _101_/A (sky130_fd_sc_hd__or3b_1)
                  0.06    0.39    2.58 v _101_/X (sky130_fd_sc_hd__or3b_1)
     1    0.00                           _033_ (net)
                  0.06    0.00    2.58 v _102_/A (sky130_fd_sc_hd__buf_2)
                  0.07    0.18    2.76 v _102_/X (sky130_fd_sc_hd__buf_2)
     8    0.03                           _034_ (net)
                  0.07    0.00    2.76 v _103_/A2 (sky130_fd_sc_hd__a21bo_1)
                  0.04    0.21    2.97 v _103_/X (sky130_fd_sc_hd__a21bo_1)
     2    0.00                           _035_ (net)
                  0.04    0.00    2.97 v _105_/B (sky130_fd_sc_hd__and3_1)
                  0.04    0.17    3.14 v _105_/X (sky130_fd_sc_hd__and3_1)
     2    0.00                           _037_ (net)
                  0.04    0.00    3.14 v _107_/A (sky130_fd_sc_hd__or2b_1)
                  0.05    0.24    3.38 v _107_/X (sky130_fd_sc_hd__or2b_1)
     1    0.00                           _039_ (net)
                  0.05    0.00    3.38 v _109_/A (sky130_fd_sc_hd__xnor2_1)
                  0.05    0.13    3.51 v _109_/Y (sky130_fd_sc_hd__xnor2_1)
     1    0.00                           _041_ (net)
                  0.05    0.00    3.51 v _116_/A2 (sky130_fd_sc_hd__a211o_1)
                  0.05    0.30    3.81 v _116_/X (sky130_fd_sc_hd__a211o_1)
     1    0.00                           net21 (net)
                  0.05    0.00    3.81 v output21/A (sky130_fd_sc_hd__clkbuf_4)
                  0.08    0.19    4.00 v output21/X (sky130_fd_sc_hd__clkbuf_4)
     1    0.03                           y[1] (net)
                  0.08    0.00    4.00 v y[1] (out)
                                  4.00   data arrival time

                  0.00   10.00   10.00   clock __VIRTUAL_CLK__ (rise edge)
                          0.00   10.00   clock network delay (ideal)
                         -0.25    9.75   clock uncertainty
                          0.00    9.75   clock reconvergence pessimism
                         -2.00    7.75   output external delay
                                  7.75   data required time
-----------------------------------------------------------------------------
                                  7.75   data required time
                                 -4.00   data arrival time
-----------------------------------------------------------------------------
                                  3.75   slack (MET)


Startpoint: sel[2] (input port clocked by __VIRTUAL_CLK__)
Endpoint: y[2] (output port clocked by __VIRTUAL_CLK__)
Path Group: __VIRTUAL_CLK__
Path Type: max
Corner: Typical

Fanout     Cap    Slew   Delay    Time   Description
-----------------------------------------------------------------------------
                  0.00    0.00    0.00   clock __VIRTUAL_CLK__ (rise edge)
                          0.00    0.00   clock network delay (ideal)
                          2.00    2.00 v input external delay
                  0.01    0.01    2.01 v sel[2] (in)
     1    0.00                           sel[2] (net)
                  0.01    0.00    2.01 v input19/A (sky130_fd_sc_hd__clkbuf_4)
                  0.08    0.18    2.18 v input19/X (sky130_fd_sc_hd__clkbuf_4)
     7    0.04                           net19 (net)
                  0.08    0.00    2.19 v _101_/A (sky130_fd_sc_hd__or3b_1)
                  0.06    0.39    2.58 v _101_/X (sky130_fd_sc_hd__or3b_1)
     1    0.00                           _033_ (net)
                  0.06    0.00    2.58 v _102_/A (sky130_fd_sc_hd__buf_2)
                  0.07    0.18    2.76 v _102_/X (sky130_fd_sc_hd__buf_2)
     8    0.03                           _034_ (net)
                  0.07    0.00    2.76 v _103_/A2 (sky130_fd_sc_hd__a21bo_1)
                  0.04    0.21    2.97 v _103_/X (sky130_fd_sc_hd__a21bo_1)
     2    0.00                           _035_ (net)
                  0.04    0.00    2.97 v _105_/B (sky130_fd_sc_hd__and3_1)
                  0.04    0.17    3.14 v _105_/X (sky130_fd_sc_hd__and3_1)
     2    0.00                           _037_ (net)
                  0.04    0.00    3.14 v _117_/B1 (sky130_fd_sc_hd__a21oi_1)
                  0.21    0.20    3.34 ^ _117_/Y (sky130_fd_sc_hd__a21oi_1)
     2    0.01                           _048_ (net)
                  0.21    0.00    3.34 ^ _122_/A (sky130_fd_sc_hd__nor2_2)
                  0.09    0.13    3.47 v _122_/Y (sky130_fd_sc_hd__nor2_2)
     4    0.02                           _053_ (net)
                  0.09    0.00    3.47 v _128_/A1 (sky130_fd_sc_hd__o21bai_1)
                  0.11    0.15    3.62 ^ _128_/Y (sky130_fd_sc_hd__o21bai_1)
     1    0.00                           net22 (net)
                  0.11    0.00    3.62 ^ output22/A (sky130_fd_sc_hd__clkbuf_4)
                  0.11    0.22    3.84 ^ output22/X (sky130_fd_sc_hd__clkbuf_4)
     1    0.04                           y[2] (net)
                  0.11    0.00    3.84 ^ y[2] (out)
                                  3.84   data arrival time

                  0.00   10.00   10.00   clock __VIRTUAL_CLK__ (rise edge)
                          0.00   10.00   clock network delay (ideal)
                         -0.25    9.75   clock uncertainty
                          0.00    9.75   clock reconvergence pessimism
                         -2.00    7.75   output external delay
                                  7.75   data required time
-----------------------------------------------------------------------------
                                  7.75   data required time
                                 -3.84   data arrival time
-----------------------------------------------------------------------------
                                  3.91   slack (MET)


Startpoint: sel[1] (input port clocked by __VIRTUAL_CLK__)
Endpoint: y[0] (output port clocked by __VIRTUAL_CLK__)
Path Group: __VIRTUAL_CLK__
Path Type: max
Corner: Typical

Fanout     Cap    Slew   Delay    Time   Description
-----------------------------------------------------------------------------
                  0.00    0.00    0.00   clock __VIRTUAL_CLK__ (rise edge)
                          0.00    0.00   clock network delay (ideal)
                          2.00    2.00 v input external delay
                  0.01    0.00    2.00 v sel[1] (in)
     1    0.00                           sel[1] (net)
                  0.01    0.00    2.00 v input18/A (sky130_fd_sc_hd__clkbuf_2)
                  0.09    0.14    2.15 v input18/X (sky130_fd_sc_hd__clkbuf_2)
     7    0.02                           net18 (net)
                  0.09    0.00    2.15 v _093_/B_N (sky130_fd_sc_hd__nor2b_4)
                  0.06    0.19    2.34 v _093_/Y (sky130_fd_sc_hd__nor2b_4)
     9    0.03                           _026_ (net)
                  0.06    0.00    2.34 v _094_/B (sky130_fd_sc_hd__and2_2)
                  0.10    0.28    2.62 v _094_/X (sky130_fd_sc_hd__and2_2)
     8    0.03                           _027_ (net)
                  0.10    0.00    2.62 v _096_/B1 (sky130_fd_sc_hd__o22a_1)
                  0.04    0.21    2.82 v _096_/X (sky130_fd_sc_hd__o22a_1)
     1    0.00                           _029_ (net)
                  0.04    0.00    2.82 v _099_/B1 (sky130_fd_sc_hd__a311o_1)
                  0.05    0.32    3.15 v _099_/X (sky130_fd_sc_hd__a311o_1)
     1    0.00                           net20 (net)
                  0.05    0.00    3.15 v output20/A (sky130_fd_sc_hd__clkbuf_4)
                  0.08    0.19    3.34 v output20/X (sky130_fd_sc_hd__clkbuf_4)
     1    0.03                           y[0] (net)
                  0.08    0.00    3.34 v y[0] (out)
                                  3.34   data arrival time

                  0.00   10.00   10.00   clock __VIRTUAL_CLK__ (rise edge)
                          0.00   10.00   clock network delay (ideal)
                         -0.25    9.75   clock uncertainty
                          0.00    9.75   clock reconvergence pessimism
                         -2.00    7.75   output external delay
                                  7.75   data required time
-----------------------------------------------------------------------------
                                  7.75   data required time
                                 -3.34   data arrival time
-----------------------------------------------------------------------------
                                  4.41   slack (MET)



